# Path: mpy-cross
# Arch: x86_64
# Object files:
[  0] linker synthesized
[  1] build/py/mpstate.o
[  2] build/py/nlr.o
[  3] build/py/nlrx64.o
[  4] build/py/malloc.o
[  5] build/py/gc.o
[  6] build/py/qstr.o
[  7] build/py/vstr.o
[  8] build/py/mpprint.o
[  9] build/py/unicode.o
[ 10] build/py/mpz.o
[ 11] build/py/reader.o
[ 12] build/py/lexer.o
[ 13] build/py/parse.o
[ 14] build/py/scope.o
[ 15] build/py/compile.o
[ 16] build/py/emitcommon.o
[ 17] build/py/emitbc.o
[ 18] build/py/asmbase.o
[ 19] build/py/asmx64.o
[ 20] build/py/emitnx64.o
[ 21] build/py/asmx86.o
[ 22] build/py/emitnx86.o
[ 23] build/py/asmthumb.o
[ 24] build/py/emitnthumb.o
[ 25] build/py/emitinlinethumb.o
[ 26] build/py/asmarm.o
[ 27] build/py/emitnarm.o
[ 28] build/py/asmxtensa.o
[ 29] build/py/emitnxtensa.o
[ 30] build/py/emitinlinextensa.o
[ 31] build/py/emitnxtensawin.o
[ 32] build/py/formatfloat.o
[ 33] build/py/parsenumbase.o
[ 34] build/py/parsenum.o
[ 35] build/py/emitglue.o
[ 36] build/py/persistentcode.o
[ 37] build/py/runtime.o
[ 38] build/py/runtime_utils.o
[ 39] build/py/scheduler.o
[ 40] build/py/nativeglue.o
[ 41] build/py/pairheap.o
[ 42] build/py/ringbuf.o
[ 43] build/py/stackctrl.o
[ 44] build/py/argcheck.o
[ 45] build/py/warning.o
[ 46] build/py/map.o
[ 47] build/py/obj.o
[ 48] build/py/objarray.o
[ 49] build/py/objbool.o
[ 50] build/py/objboundmeth.o
[ 51] build/py/objcell.o
[ 52] build/py/objclosure.o
[ 53] build/py/objcomplex.o
[ 54] build/py/objdict.o
[ 55] build/py/objenumerate.o
[ 56] build/py/objexcept.o
[ 57] build/py/objfilter.o
[ 58] build/py/objfloat.o
[ 59] build/py/objfun.o
[ 60] build/py/objgenerator.o
[ 61] build/py/objgetitemiter.o
[ 62] build/py/objint.o
[ 63] build/py/objint_mpz.o
[ 64] build/py/objlist.o
[ 65] build/py/objmap.o
[ 66] build/py/objmodule.o
[ 67] build/py/objobject.o
[ 68] build/py/objpolyiter.o
[ 69] build/py/objproperty.o
[ 70] build/py/objnone.o
[ 71] build/py/objrange.o
[ 72] build/py/objreversed.o
[ 73] build/py/objset.o
[ 74] build/py/objsingleton.o
[ 75] build/py/objslice.o
[ 76] build/py/objstr.o
[ 77] build/py/objstrunicode.o
[ 78] build/py/objtuple.o
[ 79] build/py/objtype.o
[ 80] build/py/objzip.o
[ 81] build/py/opmethods.o
[ 82] build/py/sequence.o
[ 83] build/py/stream.o
[ 84] build/py/binary.o
[ 85] build/py/builtinimport.o
[ 86] build/py/builtinevex.o
[ 87] build/py/modbuiltins.o
[ 88] build/py/modmicropython.o
[ 89] build/py/modstruct.o
[ 90] build/py/vm.o
[ 91] build/py/bc.o
[ 92] build/py/smallint.o
[ 93] build/main.o
[ 94] build/gccollect.o
[ 95] build/lib/utils/gchelper_generic.o
[ 96] /Applications/Xcode.app/Contents/Developer/Platforms/MacOSX.platform/Developer/SDKs/MacOSX10.15.sdk/usr/lib/libm.tbd
# Sections:
# Address	Size    	Segment	Section
0x100001DA0	0x0004383C	__TEXT	__text
0x1000455DC	0x000000C0	__TEXT	__stubs
0x10004569C	0x00000150	__TEXT	__stub_helper
0x1000457F0	0x00000ED5	__TEXT	__const
0x1000466C5	0x000058EB	__TEXT	__cstring
0x10004BFB0	0x00000048	__TEXT	__unwind_info
0x10004C000	0x000000C8	__DATA_CONST	__got
0x10004C0D0	0x00003FF0	__DATA_CONST	__const
0x100054000	0x00000100	__DATA	__la_symbol_ptr
0x100054100	0x00000010	__DATA	__data
0x100054110	0x00000360	__DATA	__common
0x100054470	0x00000004	__DATA	__bss
# Symbols:
# Address	Size    	File  Name
0x100001DA0	0x0000001A	[  2] _nlr_push_tail
0x100001DBA	0x00000018	[  2] _nlr_pop
0x100001DD2	0x00000032	[  3] _nlr_push
0x100001E04	0x00000053	[  3] _nlr_jump
0x100001E57	0x00000029	[  4] _m_malloc
0x100001E80	0x0000000C	[  4] _m_malloc_maybe
0x100001E8C	0x0000000A	[  4] _m_malloc0
0x100001E96	0x0000002C	[  4] _m_realloc
0x100001EC2	0x0000000A	[  4] _m_realloc_maybe
0x100001ECC	0x0000000A	[  4] _m_free
0x100001EE0	0x00000090	[  5] _gc_init
0x100001F70	0x00000020	[  5] _gc_is_locked
0x100001F90	0x00000040	[  5] _gc_collect_start
0x100001FD0	0x000001C0	[  5] _gc_collect_root
0x100002190	0x00000270	[  5] _gc_collect_end
0x100002400	0x000001E0	[  5] _gc_alloc
0x1000025E0	0x000000E0	[  5] _gc_free
0x1000026C0	0x00000350	[  5] _gc_realloc
0x100002A10	0x0000003D	[  6] _qstr_compute_hash
0x100002A4D	0x00000023	[  6] _qstr_init
0x100002A70	0x000000DF	[  6] _qstr_find_strn
0x100002B4F	0x0000001F	[  6] _qstr_from_str
0x100002B6E	0x0000020B	[  6] _qstr_from_strn
0x100002D79	0x00000028	[  6] _qstr_hash
0x100002DA1	0x00000029	[  6] _qstr_len
0x100002DCA	0x00000029	[  6] _qstr_str
0x100002DF3	0x00000030	[  6] _qstr_data
0x100002E23	0x00000035	[  7] _vstr_init
0x100002E58	0x0000003D	[  7] _vstr_init_len
0x100002E95	0x00000045	[  7] _vstr_init_print
0x100002EDA	0x0000003D	[  7] _vstr_add_strn
0x100002F17	0x00000027	[  7] _vstr_clear
0x100002F3E	0x00000049	[  7] _vstr_extend
0x100002F87	0x0000004C	[  7] _vstr_ensure_extra
0x100002FD3	0x00000036	[  7] _vstr_null_terminated_str
0x100003009	0x00000030	[  7] _vstr_add_byte
0x100003039	0x00000139	[  7] _vstr_add_char
0x100003172	0x00000048	[  7] _vstr_add_str
0x1000031BA	0x00000017	[  7] _vstr_cut_tail_bytes
0x1000031D2	0x0000003A	[  8] _mp_print_str
0x10000320C	0x00000117	[  8] _mp_print_strn
0x100003323	0x000003BA	[  8] _mp_print_mp_int
0x1000036DD	0x000000F6	[  8] _mp_print_float
0x1000037D3	0x0000009A	[  8] _mp_printf
0x10000386D	0x00000573	[  8] _mp_vprintf
0x100003DE0	0x0000014F	[  8] _mp_print_int
0x100003F2F	0x0000005C	[  9] _utf8_get_char
0x100003F8B	0x00000017	[  9] _utf8_next_char
0x100003FA2	0x00000023	[  9] _utf8_ptr_to_index
0x100003FC5	0x0000002C	[  9] _utf8_charlen
0x100003FF1	0x0000001E	[  9] _unichar_isspace
0x10000400F	0x0000001F	[  9] _unichar_isalpha
0x10000402E	0x0000001E	[  9] _unichar_isdigit
0x10000404C	0x0000001F	[  9] _unichar_isxdigit
0x10000406B	0x0000001E	[  9] _unichar_isupper
0x100004089	0x0000001E	[  9] _unichar_islower
0x1000040A7	0x0000001F	[  9] _unichar_tolower
0x1000040C6	0x0000001F	[  9] _unichar_toupper
0x1000040E5	0x00000019	[  9] _unichar_xdigit_value
0x1000040FE	0x0000005E	[  9] _utf8_check
0x10000415C	0x00000013	[ 10] _mpz_init_zero
0x10000416F	0x00000067	[ 10] _mpz_set_from_int
0x1000041D6	0x00000024	[ 10] _mpz_init_fixed_from_int
0x1000041FA	0x0000001A	[ 10] _mpz_deinit
0x100004214	0x0000004B	[ 10] _mpz_set
0x10000425F	0x0000005A	[ 10] _mpz_need_dig
0x1000042B9	0x00000076	[ 10] _mpz_set_from_ll
0x10000432F	0x00000169	[ 10] _mpz_set_from_float
0x100004498	0x0000011E	[ 10] _mpz_set_from_str
0x1000045B6	0x000000D6	[ 10] _mpz_set_from_bytes
0x10000468C	0x00000087	[ 10] _mpz_cmp
0x100004713	0x00000020	[ 10] _mpz_abs_inpl
0x100004733	0x00000020	[ 10] _mpz_neg_inpl
0x100004753	0x000000AC	[ 10] _mpz_not_inpl
0x1000047FF	0x0000008B	[ 10] _mpn_sub
0x10000488A	0x00000084	[ 10] _mpn_add
0x10000490E	0x00000119	[ 10] _mpz_shl_inpl
0x100004A27	0x00000126	[ 10] _mpz_shr_inpl
0x100004B4D	0x00000061	[ 10] _mpn_shr
0x100004BAE	0x000000E8	[ 10] _mpz_add_inpl
0x100004C96	0x000000F6	[ 10] _mpz_sub_inpl
0x100004D8C	0x00000183	[ 10] _mpz_and_inpl
0x100004F0F	0x00000170	[ 10] _mpz_or_inpl
0x10000507F	0x00000152	[ 10] _mpz_xor_inpl
0x1000051D1	0x0000018C	[ 10] _mpz_mul_inpl
0x10000535D	0x0000007B	[ 10] _mpz_clone
0x1000053D8	0x00000026	[ 10] _mpz_free
0x1000053FE	0x0000011E	[ 10] _mpz_pow_inpl
0x10000551C	0x000003E7	[ 10] _mpz_divmod_inpl
0x100005903	0x0000003D	[ 10] _mpz_hash
0x100005940	0x0000004E	[ 10] _mpz_as_int_checked
0x10000598E	0x000000C3	[ 10] _mpz_as_bytes
0x100005A51	0x00000052	[ 10] _mpz_as_float
0x100005AA3	0x000001DA	[ 10] _mpz_as_str_inpl
0x100005C7D	0x0000008A	[ 11] _mp_reader_new_file_from_fd
0x100005D07	0x00000068	[ 11] _mp_reader_posix_readbyte
0x100005D6F	0x00000024	[ 11] _mp_reader_posix_close
0x100005D93	0x0000003F	[ 11] _mp_reader_new_file
0x100005DD4	0x000008E4	[ 12] _mp_lexer_to_next
0x1000066B8	0x0000008F	[ 12] _skip_whitespace
0x100006747	0x0000005F	[ 12] _is_string_or_bytes
0x1000067A6	0x0000008D	[ 12] _next_char
0x100006833	0x000000BC	[ 12] _mp_lexer_new
0x1000068F0	0x00000048	[ 12] _mp_lexer_new_from_file
0x100006939	0x00000039	[ 12] _mp_lexer_free
0x100006974	0x00000019	[ 13] _mp_parse_node_is_const_false
0x10000698D	0x0000001B	[ 13] _mp_parse_node_is_const_true
0x1000069A8	0x00000052	[ 13] _mp_parse_node_get_int_maybe
0x1000069FA	0x00000040	[ 13] _mp_parse_node_extract_list
0x100006A3A	0x0000094C	[ 13] _mp_parse
0x100007386	0x00000083	[ 13] _push_rule
0x100007409	0x000001AF	[ 13] _push_result_token
0x1000075B8	0x00000033	[ 13] _push_rule_from_arg
0x1000075EB	0x0000004F	[ 13] _push_result_node
0x10000763A	0x00000025	[ 13] _pop_result
0x10000765F	0x000007C1	[ 13] _push_result_rule
0x100007E20	0x00000027	[ 13] _mp_parse_tree_clear
0x100007E47	0x000000A9	[ 13] _parser_alloc
0x100007EF0	0x000000A4	[ 14] _scope_new
0x100007F94	0x00000020	[ 14] _scope_free
0x100007FB4	0x00000098	[ 14] _scope_find_or_add_id
0x10000804C	0x00000029	[ 14] _scope_find
0x100008075	0x00000030	[ 14] _scope_find_global
0x1000080A5	0x000000AC	[ 14] _scope_check_to_close_over
0x100008154	0x000005EB	[ 15] _mp_compile_to_raw_code
0x10000873F	0x00000054	[ 15] _scope_new_and_link
0x100008793	0x00000499	[ 15] _compile_scope_inline_asm
0x100008C2C	0x0000055D	[ 15] _compile_scope
0x10000918B	0x00000044	[ 15] _compile_syntax_error
0x1000091CF	0x000001AB	[ 15] _compile_node
0x10000937A	0x00000080	[ 15] _apply_to_single_or_list
0x1000093FA	0x00000076	[ 15] _compile_viper_type_annotation
0x100009470	0x00000039	[ 15] _compile_load_id
0x1000094A9	0x00000157	[ 15] _compile_scope_comp_iter
0x100009600	0x00000034	[ 15] _compile_store_id
0x100009634	0x00000065	[ 15] _compile_generic_all_nodes
0x100009699	0x000002C7	[ 15] _compile_decorated
0x100009960	0x00000027	[ 15] _compile_funcdef
0x100009987	0x0000036F	[ 15] _compile_expr_stmt
0x100009CF6	0x0000000F	[ 15] _compile_generic_tuple
0x100009D05	0x0000001A	[ 15] _compile_del_stmt
0x100009D1F	0x0000005E	[ 15] _compile_break_cont_stmt
0x100009D7D	0x000000CE	[ 15] _compile_return_stmt
0x100009E4B	0x00000026	[ 15] _compile_yield_stmt
0x100009E71	0x00000084	[ 15] _compile_raise_stmt
0x100009EF5	0x0000001A	[ 15] _compile_import_name
0x100009F0F	0x0000026D	[ 15] _compile_import_from
0x10000A17C	0x0000012F	[ 15] _compile_global_nonlocal_stmt
0x10000A2AB	0x000000B3	[ 15] _compile_assert_stmt
0x10000A35E	0x0000033D	[ 15] _compile_async_stmt
0x10000A69B	0x000001AD	[ 15] _compile_if_stmt
0x10000A848	0x0000010F	[ 15] _compile_while_stmt
0x10000A957	0x0000049A	[ 15] _compile_for_stmt
0x10000ADF1	0x000000DD	[ 15] _compile_try_stmt
0x10000AECE	0x00000049	[ 15] _compile_with_stmt
0x10000AF17	0x00000015	[ 15] _compile_namedexpr
0x10000AF2C	0x000000C7	[ 15] _compile_test_if_expr
0x10000AFF3	0x0000004D	[ 15] _compile_lambdef
0x10000B040	0x0000009E	[ 15] _compile_or_and_test
0x10000B0DE	0x0000002E	[ 15] _compile_not_test_2
0x10000B10C	0x000001D7	[ 15] _compile_comparison
0x10000B2E3	0x00000011	[ 15] _compile_star_expr
0x10000B2F4	0x00000070	[ 15] _compile_binary_op
0x10000B364	0x0000006A	[ 15] _compile_term
0x10000B3CE	0x00000051	[ 15] _compile_factor_2
0x10000B41F	0x0000002A	[ 15] _compile_power
0x10000B449	0x00000044	[ 15] _compile_atom_expr_await
0x10000B48D	0x000001DE	[ 15] _compile_atom_expr_normal
0x10000B66B	0x000000D6	[ 15] _compile_atom_paren
0x10000B741	0x00000124	[ 15] _compile_atom_bracket
0x10000B865	0x0000025F	[ 15] _compile_atom_brace
0x10000BAC4	0x00000012	[ 15] _compile_trailer_paren
0x10000BAD6	0x0000002B	[ 15] _compile_trailer_bracket
0x10000BB01	0x00000023	[ 15] _compile_trailer_period
0x10000BB24	0x00000117	[ 15] _compile_subscript
0x10000BC3B	0x00000026	[ 15] _compile_dictorsetmaker_item
0x10000BC61	0x00000027	[ 15] _compile_classdef
0x10000BC88	0x0000009C	[ 15] _compile_yield_expr
0x10000BD24	0x0000001D	[ 15] _compile_const_object
0x10000BD41	0x00000058	[ 15] _compile_funcdef_helper
0x10000BD99	0x0000009C	[ 15] _compile_classdef_helper
0x10000BE35	0x000000B1	[ 15] _compile_funcdef_lambdef
0x10000BEE6	0x00000172	[ 15] _compile_funcdef_lambdef_param
0x10000C058	0x0000015A	[ 15] _close_over_variables_etc
0x10000C1B2	0x00000296	[ 15] _compile_trailer_paren_helper
0x10000C448	0x0000007E	[ 15] _compile_namedexpr_helper
0x10000C4C6	0x000000C9	[ 15] _compile_comprehension
0x10000C58F	0x00000369	[ 15] _c_assign
0x10000C8F8	0x0000018E	[ 15] _c_assign_tuple
0x10000CA86	0x0000007D	[ 15] _c_tuple
0x10000CB03	0x00000242	[ 15] _c_del_stmt
0x10000CD45	0x00000033	[ 15] _compile_delete_id
0x10000CD78	0x000001C3	[ 15] _c_if_cond
0x10000CF3B	0x00000057	[ 15] _compile_dotted_as_name
0x10000CF92	0x00000226	[ 15] _do_import_name
0x10000D1B8	0x00000040	[ 15] _compile_decrease_except_level
0x10000D1F8	0x00000052	[ 15] _compile_yield_from
0x10000D24A	0x0000040C	[ 15] _compile_async_with_stmt_helper
0x10000D656	0x000000F3	[ 15] _compile_try_finally
0x10000D749	0x000002F3	[ 15] _compile_try_except
0x10000DA3C	0x0000013A	[ 15] _compile_with_stmt_helper
0x10000DB76	0x0000019B	[ 15] _compile_scope_func_lambda_param
0x10000DD14	0x00000027	[ 16] _mp_emit_common_get_id_for_modification
0x10000DD3B	0x000000B9	[ 16] _mp_emit_common_id_op
0x10000DDF4	0x0000000F	[ 17] _emit_bc_new
0x10000DE03	0x00000025	[ 17] _emit_bc_set_max_num_labels
0x10000DE28	0x00000020	[ 17] _emit_bc_free
0x10000DE48	0x0000029A	[ 17] _mp_emit_bc_start_pass
0x10000E0E2	0x0000002B	[ 17] _emit_write_code_info_qstr
0x10000E10D	0x00000163	[ 17] _mp_emit_bc_end_pass
0x10000E270	0x00000012	[ 17] _mp_emit_bc_last_emit_was_return_value
0x10000E282	0x00000039	[ 17] _mp_emit_bc_adjust_stack_size
0x10000E2BB	0x0000012A	[ 17] _mp_emit_bc_set_source_line
0x10000E3E5	0x0000005C	[ 17] _mp_emit_bc_label_assign
0x10000E441	0x00000053	[ 17] _mp_emit_bc_import
0x10000E494	0x0000004A	[ 17] _emit_write_bytecode_byte_qstr
0x10000E4DE	0x00000080	[ 17] _mp_emit_bc_load_const_tok
0x10000E55E	0x0000010F	[ 17] _mp_emit_bc_load_const_small_int
0x10000E66D	0x00000017	[ 17] _mp_emit_bc_load_const_str
0x10000E684	0x0000003F	[ 17] _mp_emit_bc_load_const_obj
0x10000E6C3	0x0000002A	[ 17] _mp_emit_bc_load_null
0x10000E6ED	0x00000055	[ 17] _mp_emit_bc_load_local
0x10000E742	0x000000AF	[ 17] _emit_write_bytecode_byte_uint
0x10000E7F1	0x00000040	[ 17] _mp_emit_bc_load_global
0x10000E831	0x0000001B	[ 17] _mp_emit_bc_load_method
0x10000E84C	0x0000002A	[ 17] _mp_emit_bc_load_build_class
0x10000E876	0x0000007D	[ 17] _mp_emit_bc_subscr
0x10000E8F3	0x00000027	[ 17] _mp_emit_bc_rot_three
0x10000E91A	0x00000090	[ 17] _mp_emit_bc_attr
0x10000E9AA	0x00000027	[ 17] _mp_emit_bc_rot_two
0x10000E9D1	0x00000057	[ 17] _mp_emit_bc_store_local
0x10000EA28	0x00000018	[ 17] _mp_emit_bc_store_global
0x10000EA40	0x00000018	[ 17] _mp_emit_bc_delete_local
0x10000EA58	0x00000015	[ 17] _mp_emit_bc_delete_global
0x10000EA6D	0x0000002A	[ 17] _mp_emit_bc_dup_top
0x10000EA97	0x0000002A	[ 17] _mp_emit_bc_dup_top_two
0x10000EAC1	0x0000002C	[ 17] _mp_emit_bc_pop_top
0x10000EAED	0x00000014	[ 17] _mp_emit_bc_jump
0x10000EB01	0x0000005B	[ 17] _emit_write_bytecode_byte_signed_label
0x10000EB5C	0x00000019	[ 17] _mp_emit_bc_pop_jump_if
0x10000EB75	0x00000019	[ 17] _mp_emit_bc_jump_if_or_pop
0x10000EB8E	0x000000AA	[ 17] _mp_emit_bc_unwind_jump
0x10000EC38	0x0000001D	[ 17] _mp_emit_bc_setup_block
0x10000EC55	0x00000059	[ 17] _emit_write_bytecode_byte_unsigned_label
0x10000ECAE	0x00000062	[ 17] _mp_emit_bc_with_cleanup
0x10000ED10	0x0000002C	[ 17] _mp_emit_bc_end_finally
0x10000ED3C	0x0000002E	[ 17] _mp_emit_bc_get_iter
0x10000ED6A	0x00000017	[ 17] _mp_emit_bc_for_iter
0x10000ED81	0x00000011	[ 17] _mp_emit_bc_for_iter_end
0x10000ED92	0x00000014	[ 17] _mp_emit_bc_pop_except_jump
0x10000EDA6	0x0000002A	[ 17] _mp_emit_bc_unary_op
0x10000EDD0	0x00000070	[ 17] _mp_emit_bc_binary_op
0x10000EE40	0x00000025	[ 17] _mp_emit_bc_build
0x10000EE65	0x0000002C	[ 17] _mp_emit_bc_store_map
0x10000EE91	0x0000003D	[ 17] _mp_emit_bc_store_comp
0x10000EECE	0x00000014	[ 17] _mp_emit_bc_unpack_sequence
0x10000EEE2	0x0000001E	[ 17] _mp_emit_bc_unpack_ex
0x10000EF00	0x0000002D	[ 17] _mp_emit_bc_make_function
0x10000EF2D	0x00000047	[ 17] _emit_write_bytecode_byte_raw_code
0x10000EF74	0x00000062	[ 17] _mp_emit_bc_make_closure
0x10000EFD6	0x0000001A	[ 17] _mp_emit_bc_call_function
0x10000EFF0	0x00000027	[ 17] _emit_bc_call_function_method_helper
0x10000F017	0x0000001D	[ 17] _mp_emit_bc_call_method
0x10000F034	0x00000030	[ 17] _mp_emit_bc_return_value
0x10000F064	0x0000003E	[ 17] _mp_emit_bc_raise_varargs
0x10000F0A2	0x00000038	[ 17] _mp_emit_bc_yield
0x10000F0DA	0x0000000F	[ 17] _mp_emit_bc_start_except_handler
0x10000F0E9	0x00000011	[ 17] _mp_emit_bc_end_except_handler
0x10000F0FA	0x00000038	[ 17] _emit_get_cur_to_write_code_info
0x10000F132	0x0000003F	[ 17] _emit_get_cur_to_write_bytecode
0x10000F171	0x00000025	[ 18] _mp_asm_base_init
0x10000F196	0x00000026	[ 18] _mp_asm_base_deinit
0x10000F1BC	0x00000059	[ 18] _mp_asm_base_start_pass
0x10000F215	0x00000029	[ 18] _mp_asm_base_get_cur_to_write_bytes
0x10000F23E	0x0000003E	[ 18] _mp_asm_base_label_assign
0x10000F27C	0x00000015	[ 18] _mp_asm_base_align
0x10000F291	0x00000041	[ 18] _mp_asm_base_data
0x10000F2D2	0x0000000F	[ 19] _asm_x64_mov_r64_r64
0x10000F2E1	0x00000054	[ 19] _asm_x64_generic_r64_r64
0x10000F335	0x0000007D	[ 19] _asm_x64_mov_r8_to_mem8
0x10000F3B2	0x000000BB	[ 19] _asm_x64_write_r64_disp
0x10000F46D	0x00000083	[ 19] _asm_x64_mov_r16_to_mem16
0x10000F4F0	0x0000007D	[ 19] _asm_x64_mov_r32_to_mem32
0x10000F56D	0x0000005B	[ 19] _asm_x64_mov_r64_to_mem64
0x10000F5C8	0x00000073	[ 19] _asm_x64_mov_mem8_to_r64zx
0x10000F63B	0x00000073	[ 19] _asm_x64_mov_mem16_to_r64zx
0x10000F6AE	0x0000006D	[ 19] _asm_x64_mov_mem32_to_r64zx
0x10000F71B	0x0000005B	[ 19] _asm_x64_mov_mem64_to_r64
0x10000F776	0x00000075	[ 19] _asm_x64_mov_i32_to_r64
0x10000F7EB	0x0000005A	[ 19] _asm_x64_mov_i64_to_r64
0x10000F845	0x00000019	[ 19] _asm_x64_mov_i64_to_r64_optimised
0x10000F85E	0x0000000F	[ 19] _asm_x64_and_r64_r64
0x10000F86D	0x0000000F	[ 19] _asm_x64_or_r64_r64
0x10000F87C	0x0000000F	[ 19] _asm_x64_xor_r64_r64
0x10000F88B	0x00000038	[ 19] _asm_x64_shl_r64_cl
0x10000F8C3	0x00000038	[ 19] _asm_x64_shr_r64_cl
0x10000F8FB	0x00000035	[ 19] _asm_x64_sar_r64_cl
0x10000F930	0x0000000F	[ 19] _asm_x64_add_r64_r64
0x10000F93F	0x0000000F	[ 19] _asm_x64_sub_r64_r64
0x10000F94E	0x0000006A	[ 19] _asm_x64_mul_r64_r64
0x10000F9B8	0x00000015	[ 19] _asm_x64_cmp_r64_with_r64
0x10000F9CD	0x00000044	[ 19] _asm_x64_test_r8_with_r8
0x10000FA11	0x00000015	[ 19] _asm_x64_test_r64_with_r64
0x10000FA26	0x0000003E	[ 19] _asm_x64_setcc_r8
0x10000FA64	0x00000034	[ 19] _asm_x64_jmp_reg
0x10000FA98	0x0000009B	[ 19] _asm_x64_jmp_label
0x10000FB33	0x000000A9	[ 19] _asm_x64_jcc_label
0x10000FBDC	0x00000088	[ 19] _asm_x64_entry
0x10000FC64	0x00000076	[ 19] _asm_x64_sub_r64_i32
0x10000FCDA	0x0000008A	[ 19] _asm_x64_exit
0x10000FD64	0x00000018	[ 19] _asm_x64_mov_local_to_r64
0x10000FD7C	0x00000016	[ 19] _asm_x64_mov_r64_to_local
0x10000FD92	0x00000093	[ 19] _asm_x64_mov_local_addr_to_r64
0x10000FE25	0x0000008A	[ 19] _asm_x64_mov_reg_pcrel
0x10000FEAF	0x0000004B	[ 19] _asm_x64_call_ind
0x10000FEFC	0x0000007A	[ 20] _emit_native_x64_new
0x10000FF76	0x0000004C	[ 20] _emit_native_x64_free
0x10000FFC2	0x00000816	[ 20] _emit_native_start_pass
0x1000107D8	0x00000493	[ 20] _emit_native_end_pass
0x100010C6B	0x0000000C	[ 20] _emit_native_last_emit_was_return_value
0x100010C77	0x0000005E	[ 20] _emit_native_adjust_stack_size
0x100010CD5	0x00000006	[ 20] _emit_native_set_source_line
0x100010CDB	0x0000009A	[ 20] _emit_native_load_local
0x100010D75	0x00000074	[ 20] _emit_native_load_global
0x100010DE9	0x000000D2	[ 20] _emit_native_store_local
0x100010EBB	0x0000012C	[ 20] _emit_native_store_global
0x100010FE7	0x00000043	[ 20] _emit_native_delete_local
0x10001102A	0x0000001F	[ 20] _emit_native_delete_global
0x100011049	0x000000CD	[ 20] _emit_native_label_assign
0x100011116	0x00000175	[ 20] _emit_native_import
0x10001128B	0x0000003E	[ 20] _emit_native_load_const_tok
0x1000112C9	0x00000019	[ 20] _emit_native_load_const_small_int
0x1000112E2	0x00000072	[ 20] _emit_native_load_const_str
0x100011354	0x00000054	[ 20] _emit_native_load_const_obj
0x1000113A8	0x00000015	[ 20] _emit_native_load_null
0x1000113BD	0x000000B5	[ 20] _emit_native_load_method
0x100011472	0x0000003A	[ 20] _emit_native_load_build_class
0x1000114AC	0x00000B14	[ 20] _emit_native_subscr
0x100011FC0	0x0000016C	[ 20] _emit_native_attr
0x10001212C	0x00000063	[ 20] _emit_native_dup_top
0x10001218F	0x000000B2	[ 20] _emit_native_dup_top_two
0x100012241	0x00000018	[ 20] _emit_native_pop_top
0x100012259	0x00000092	[ 20] _emit_native_rot_two
0x1000122EB	0x000000DC	[ 20] _emit_native_rot_three
0x1000123C7	0x0000002C	[ 20] _emit_native_jump
0x1000123F3	0x0000000F	[ 20] _emit_native_pop_jump_if
0x100012402	0x0000000C	[ 20] _emit_native_jump_if_or_pop
0x10001240E	0x00000143	[ 20] _emit_native_unwind_jump
0x100012551	0x000001CA	[ 20] _emit_native_setup_block
0x10001271B	0x00000244	[ 20] _emit_native_with_cleanup
0x10001295F	0x00000121	[ 20] _emit_native_end_finally
0x100012A80	0x000000C0	[ 20] _emit_native_get_iter
0x100012B40	0x0000007F	[ 20] _emit_native_for_iter
0x100012BBF	0x00000018	[ 20] _emit_native_for_iter_end
0x100012BD7	0x00000062	[ 20] _emit_native_pop_except_jump
0x100012C39	0x000000A6	[ 20] _emit_native_unary_op
0x100012CDF	0x00000535	[ 20] _emit_native_binary_op
0x100013214	0x000001E4	[ 20] _emit_native_build
0x1000133F8	0x000000E9	[ 20] _emit_native_store_map
0x1000134E1	0x00000174	[ 20] _emit_native_store_comp
0x100013655	0x00000076	[ 20] _emit_native_unpack_sequence
0x1000136CB	0x0000008A	[ 20] _emit_native_unpack_ex
0x100013755	0x0000011E	[ 20] _emit_native_make_function
0x100013873	0x000000B2	[ 20] _emit_native_make_closure
0x100013925	0x000001E2	[ 20] _emit_native_call_function
0x100013B07	0x00000083	[ 20] _emit_native_call_method
0x100013B8A	0x000001F6	[ 20] _emit_native_return_value
0x100013D80	0x00000089	[ 20] _emit_native_raise_varargs
0x100013E09	0x0000028D	[ 20] _emit_native_yield
0x100014096	0x00000038	[ 20] _emit_native_start_except_handler
0x1000140CE	0x00000011	[ 20] _emit_native_end_except_handler
0x1000140DF	0x00000047	[ 20] _emit_call_with_imm_arg
0x100014126	0x00000034	[ 20] _emit_native_mov_state_reg
0x10001415A	0x000003A7	[ 20] _emit_native_global_exc_entry
0x100014501	0x0000005F	[ 20] _need_reg_all
0x100014560	0x00000032	[ 20] _emit_native_mov_reg_state
0x100014592	0x0000003C	[ 20] _ensure_extra_stack
0x1000145CE	0x0000003B	[ 20] _adjust_stack
0x100014609	0x000000AB	[ 20] _emit_native_load_fast
0x1000146B4	0x00000051	[ 20] _emit_post_push_reg
0x100014705	0x0000007C	[ 20] _need_reg_single
0x100014781	0x0000007B	[ 20] _emit_pre_pop_reg_flexible
0x1000147FC	0x000000A6	[ 20] _emit_access_stack
0x1000148A2	0x000000BB	[ 20] _load_reg_stack_imm
0x10001495D	0x00000051	[ 20] _emit_post_push_imm
0x1000149AE	0x00000076	[ 20] _emit_call_with_qstr_arg
0x100014A24	0x00000114	[ 20] _emit_native_store_fast
0x100014B38	0x000000B9	[ 20] _need_stack_settled
0x100014BF1	0x00000085	[ 20] _emit_native_leave_exc_stack
0x100014C76	0x00000087	[ 20] _emit_load_reg_with_ptr
0x100014CFD	0x00000146	[ 20] _emit_get_stack_pointer_to_reg_for_pop
0x100014E43	0x0000007B	[ 20] _emit_get_stack_pointer_to_reg_for_push
0x100014EBE	0x00000055	[ 20] _emit_native_mov_reg_state_addr
0x100014F13	0x000001A6	[ 20] _emit_native_jump_helper
0x1000150B9	0x0000009A	[ 20] _emit_native_push_exc_stack
0x100015153	0x0000005D	[ 20] _emit_call_with_2_imm_args
0x1000151B0	0x00000073	[ 20] _emit_fold_stack_top
0x100015223	0x0000002F	[ 21] _asm_x86_mov_r32_r32
0x100015252	0x00000042	[ 21] _asm_x86_mov_r8_to_mem8
0x100015294	0x000000B8	[ 21] _asm_x86_write_r32_disp
0x10001534C	0x00000044	[ 21] _asm_x86_mov_r16_to_mem16
0x100015390	0x00000042	[ 21] _asm_x86_mov_r32_to_mem32
0x1000153D2	0x00000044	[ 21] _asm_x86_mov_mem8_to_r32zx
0x100015416	0x00000044	[ 21] _asm_x86_mov_mem16_to_r32zx
0x10001545A	0x00000042	[ 21] _asm_x86_mov_mem32_to_r32
0x10001549C	0x00000050	[ 21] _asm_x86_mov_i32_to_r32
0x1000154EC	0x0000002F	[ 21] _asm_x86_and_r32_r32
0x10001551B	0x0000002F	[ 21] _asm_x86_or_r32_r32
0x10001554A	0x0000002F	[ 21] _asm_x86_xor_r32_r32
0x100015579	0x00000027	[ 21] _asm_x86_shl_r32_cl
0x1000155A0	0x00000027	[ 21] _asm_x86_shr_r32_cl
0x1000155C7	0x00000027	[ 21] _asm_x86_sar_r32_cl
0x1000155EE	0x0000002F	[ 21] _asm_x86_add_r32_r32
0x10001561D	0x0000002F	[ 21] _asm_x86_sub_r32_r32
0x10001564C	0x00000031	[ 21] _asm_x86_mul_r32_r32
0x10001567D	0x0000002F	[ 21] _asm_x86_cmp_r32_with_r32
0x1000156AC	0x0000002F	[ 21] _asm_x86_test_r8_with_r8
0x1000156DB	0x0000002F	[ 21] _asm_x86_test_r32_with_r32
0x10001570A	0x00000032	[ 21] _asm_x86_setcc_r8
0x10001573C	0x00000027	[ 21] _asm_x86_jmp_reg
0x100015763	0x0000009B	[ 21] _asm_x86_jmp_label
0x1000157FE	0x000000A9	[ 21] _asm_x86_jcc_label
0x1000158A7	0x00000084	[ 21] _asm_x86_entry
0x10001592B	0x0000006E	[ 21] _asm_x86_sub_r32_i32
0x100015999	0x00000086	[ 21] _asm_x86_exit
0x100015A1F	0x0000001B	[ 21] _asm_x86_mov_arg_to_r32
0x100015A3A	0x00000018	[ 21] _asm_x86_mov_local_to_r32
0x100015A52	0x00000016	[ 21] _asm_x86_mov_r32_to_local
0x100015A68	0x00000072	[ 21] _asm_x86_mov_local_addr_to_r32
0x100015ADA	0x000000BE	[ 21] _asm_x86_mov_reg_pcrel
0x100015B98	0x00000163	[ 21] _asm_x86_call_ind
0x100015CFC	0x0000007A	[ 22] _emit_native_x86_new
0x100015D76	0x0000004C	[ 22] _emit_native_x86_free
0x100015DC2	0x00000873	[ 22] _emit_native_start_pass
0x100016635	0x00000491	[ 22] _emit_native_end_pass
0x100016AC6	0x0000000C	[ 22] _emit_native_last_emit_was_return_value
0x100016AD2	0x0000005E	[ 22] _emit_native_adjust_stack_size
0x100016B30	0x00000006	[ 22] _emit_native_set_source_line
0x100016B36	0x0000009A	[ 22] _emit_native_load_local
0x100016BD0	0x00000071	[ 22] _emit_native_load_global
0x100016C41	0x000000D2	[ 22] _emit_native_store_local
0x100016D13	0x00000126	[ 22] _emit_native_store_global
0x100016E39	0x00000043	[ 22] _emit_native_delete_local
0x100016E7C	0x0000001C	[ 22] _emit_native_delete_global
0x100016E98	0x000000CD	[ 22] _emit_native_label_assign
0x100016F65	0x00000171	[ 22] _emit_native_import
0x1000170D6	0x0000003E	[ 22] _emit_native_load_const_tok
0x100017114	0x00000019	[ 22] _emit_native_load_const_small_int
0x10001712D	0x00000072	[ 22] _emit_native_load_const_str
0x10001719F	0x00000052	[ 22] _emit_native_load_const_obj
0x1000171F1	0x00000015	[ 22] _emit_native_load_null
0x100017206	0x000000AF	[ 22] _emit_native_load_method
0x1000172B5	0x0000003C	[ 22] _emit_native_load_build_class
0x1000172F1	0x00000B07	[ 22] _emit_native_subscr
0x100017DF8	0x00000163	[ 22] _emit_native_attr
0x100017F5B	0x00000063	[ 22] _emit_native_dup_top
0x100017FBE	0x000000B2	[ 22] _emit_native_dup_top_two
0x100018070	0x00000018	[ 22] _emit_native_pop_top
0x100018088	0x00000092	[ 22] _emit_native_rot_two
0x10001811A	0x000000DC	[ 22] _emit_native_rot_three
0x1000181F6	0x0000002C	[ 22] _emit_native_jump
0x100018222	0x0000000F	[ 22] _emit_native_pop_jump_if
0x100018231	0x0000000C	[ 22] _emit_native_jump_if_or_pop
0x10001823D	0x00000143	[ 22] _emit_native_unwind_jump
0x100018380	0x000001C4	[ 22] _emit_native_setup_block
0x100018544	0x00000227	[ 22] _emit_native_with_cleanup
0x10001876B	0x00000123	[ 22] _emit_native_end_finally
0x10001888E	0x000000CB	[ 22] _emit_native_get_iter
0x100018959	0x00000081	[ 22] _emit_native_for_iter
0x1000189DA	0x00000018	[ 22] _emit_native_for_iter_end
0x1000189F2	0x00000062	[ 22] _emit_native_pop_except_jump
0x100018A54	0x000000A3	[ 22] _emit_native_unary_op
0x100018AF7	0x00000531	[ 22] _emit_native_binary_op
0x100019028	0x000001E0	[ 22] _emit_native_build
0x100019208	0x000000EB	[ 22] _emit_native_store_map
0x1000192F3	0x0000017D	[ 22] _emit_native_store_comp
0x100019470	0x00000073	[ 22] _emit_native_unpack_sequence
0x1000194E3	0x00000087	[ 22] _emit_native_unpack_ex
0x10001956A	0x0000011E	[ 22] _emit_native_make_function
0x100019688	0x000000B2	[ 22] _emit_native_make_closure
0x10001973A	0x000001DC	[ 22] _emit_native_call_function
0x100019916	0x00000083	[ 22] _emit_native_call_method
0x100019999	0x000001E9	[ 22] _emit_native_return_value
0x100019B82	0x0000008B	[ 22] _emit_native_raise_varargs
0x100019C0D	0x00000291	[ 22] _emit_native_yield
0x100019E9E	0x00000038	[ 22] _emit_native_start_except_handler
0x100019ED6	0x00000011	[ 22] _emit_native_end_except_handler
0x100019EE7	0x00000052	[ 22] _emit_call_with_imm_arg
0x100019F39	0x00000034	[ 22] _emit_native_mov_state_reg
0x100019F6D	0x000003AC	[ 22] _emit_native_global_exc_entry
0x10001A319	0x0000005F	[ 22] _need_reg_all
0x10001A378	0x00000032	[ 22] _emit_native_mov_reg_state
0x10001A3AA	0x0000003C	[ 22] _ensure_extra_stack
0x10001A3E6	0x0000003B	[ 22] _adjust_stack
0x10001A421	0x000000AB	[ 22] _emit_native_load_fast
0x10001A4CC	0x00000051	[ 22] _emit_post_push_reg
0x10001A51D	0x0000007C	[ 22] _need_reg_single
0x10001A599	0x0000007B	[ 22] _emit_pre_pop_reg_flexible
0x10001A614	0x000000A6	[ 22] _emit_access_stack
0x10001A6BA	0x000000B7	[ 22] _load_reg_stack_imm
0x10001A771	0x00000051	[ 22] _emit_post_push_imm
0x10001A7C2	0x00000081	[ 22] _emit_call_with_qstr_arg
0x10001A843	0x00000114	[ 22] _emit_native_store_fast
0x10001A957	0x000000B9	[ 22] _need_stack_settled
0x10001AA10	0x00000085	[ 22] _emit_native_leave_exc_stack
0x10001AA95	0x0000007A	[ 22] _emit_load_reg_with_ptr
0x10001AB0F	0x00000143	[ 22] _emit_get_stack_pointer_to_reg_for_pop
0x10001AC52	0x0000007B	[ 22] _emit_get_stack_pointer_to_reg_for_push
0x10001ACCD	0x00000054	[ 22] _emit_native_mov_reg_state_addr
0x10001AD21	0x00000175	[ 22] _emit_native_jump_helper
0x10001AE96	0x0000009A	[ 22] _emit_native_push_exc_stack
0x10001AF30	0x00000065	[ 22] _emit_call_with_2_imm_args
0x10001AF95	0x00000070	[ 22] _emit_fold_stack_top
0x10001B005	0x00000006	[ 23] _asm_thumb_end_pass
0x10001B00B	0x0000014A	[ 23] _asm_thumb_entry
0x10001B155	0x0000002E	[ 23] _asm_thumb_op32
0x10001B183	0x00000021	[ 23] _asm_thumb_op16
0x10001B1A4	0x00000088	[ 23] _asm_thumb_exit
0x10001B22C	0x0000004D	[ 23] _asm_thumb_format_4
0x10001B279	0x00000057	[ 23] _asm_thumb_mov_reg_reg
0x10001B2D0	0x00000073	[ 23] _asm_thumb_mov_reg_i16
0x10001B343	0x00000076	[ 23] _asm_thumb_b_n_label
0x10001B3B9	0x000000E5	[ 23] _asm_thumb_bcc_nw_label
0x10001B49E	0x0000008D	[ 23] _asm_thumb_bl_label
0x10001B52B	0x00000049	[ 23] _asm_thumb_mov_reg_i32
0x10001B574	0x00000094	[ 23] _asm_thumb_mov_reg_i32_optimised
0x10001B608	0x00000041	[ 23] _asm_thumb_mov_local_reg
0x10001B649	0x00000041	[ 23] _asm_thumb_mov_reg_local
0x10001B68A	0x00000041	[ 23] _asm_thumb_mov_reg_local_addr
0x10001B6CB	0x00000066	[ 23] _asm_thumb_mov_reg_pcrel
0x10001B731	0x0000008A	[ 23] _asm_thumb_ldr_reg_reg_i12_optimised
0x10001B7BB	0x000000BA	[ 23] _asm_thumb_b_label
0x10001B875	0x000000CA	[ 23] _asm_thumb_bcc_label
0x10001B93F	0x0000003D	[ 23] _asm_thumb_bl_ind
0x10001B97C	0x0000007A	[ 24] _emit_native_thumb_new
0x10001B9F6	0x0000004C	[ 24] _emit_native_thumb_free
0x10001BA42	0x000007D6	[ 24] _emit_native_start_pass
0x10001C218	0x00000459	[ 24] _emit_native_end_pass
0x10001C671	0x0000000C	[ 24] _emit_native_last_emit_was_return_value
0x10001C67D	0x0000005E	[ 24] _emit_native_adjust_stack_size
0x10001C6DB	0x00000006	[ 24] _emit_native_set_source_line
0x10001C6E1	0x0000009A	[ 24] _emit_native_load_local
0x10001C77B	0x00000071	[ 24] _emit_native_load_global
0x10001C7EC	0x000000DA	[ 24] _emit_native_store_local
0x10001C8C6	0x00000126	[ 24] _emit_native_store_global
0x10001C9EC	0x00000043	[ 24] _emit_native_delete_local
0x10001CA2F	0x0000001C	[ 24] _emit_native_delete_global
0x10001CA4B	0x000000CD	[ 24] _emit_native_label_assign
0x10001CB18	0x0000016F	[ 24] _emit_native_import
0x10001CC87	0x0000003E	[ 24] _emit_native_load_const_tok
0x10001CCC5	0x00000019	[ 24] _emit_native_load_const_small_int
0x10001CCDE	0x00000072	[ 24] _emit_native_load_const_str
0x10001CD50	0x00000052	[ 24] _emit_native_load_const_obj
0x10001CDA2	0x00000015	[ 24] _emit_native_load_null
0x10001CDB7	0x000000AF	[ 24] _emit_native_load_method
0x10001CE66	0x0000003D	[ 24] _emit_native_load_build_class
0x10001CEA3	0x00000BD1	[ 24] _emit_native_subscr
0x10001DA74	0x00000168	[ 24] _emit_native_attr
0x10001DBDC	0x00000063	[ 24] _emit_native_dup_top
0x10001DC3F	0x000000B2	[ 24] _emit_native_dup_top_two
0x10001DCF1	0x00000018	[ 24] _emit_native_pop_top
0x10001DD09	0x00000092	[ 24] _emit_native_rot_two
0x10001DD9B	0x000000DC	[ 24] _emit_native_rot_three
0x10001DE77	0x0000002C	[ 24] _emit_native_jump
0x10001DEA3	0x0000000F	[ 24] _emit_native_pop_jump_if
0x10001DEB2	0x0000000C	[ 24] _emit_native_jump_if_or_pop
0x10001DEBE	0x00000147	[ 24] _emit_native_unwind_jump
0x10001E005	0x000001C4	[ 24] _emit_native_setup_block
0x10001E1C9	0x00000221	[ 24] _emit_native_with_cleanup
0x10001E3EA	0x00000123	[ 24] _emit_native_end_finally
0x10001E50D	0x000000C3	[ 24] _emit_native_get_iter
0x10001E5D0	0x0000007D	[ 24] _emit_native_for_iter
0x10001E64D	0x00000018	[ 24] _emit_native_for_iter_end
0x10001E665	0x00000062	[ 24] _emit_native_pop_except_jump
0x10001E6C7	0x000000A3	[ 24] _emit_native_unary_op
0x10001E76A	0x000004EE	[ 24] _emit_native_binary_op
0x10001EC58	0x000001DE	[ 24] _emit_native_build
0x10001EE36	0x000000E9	[ 24] _emit_native_store_map
0x10001EF1F	0x00000174	[ 24] _emit_native_store_comp
0x10001F093	0x00000073	[ 24] _emit_native_unpack_sequence
0x10001F106	0x00000087	[ 24] _emit_native_unpack_ex
0x10001F18D	0x0000011C	[ 24] _emit_native_make_function
0x10001F2A9	0x000000B0	[ 24] _emit_native_make_closure
0x10001F359	0x000001DC	[ 24] _emit_native_call_function
0x10001F535	0x00000083	[ 24] _emit_native_call_method
0x10001F5B8	0x000001E7	[ 24] _emit_native_return_value
0x10001F79F	0x00000089	[ 24] _emit_native_raise_varargs
0x10001F828	0x0000028E	[ 24] _emit_native_yield
0x10001FAB6	0x00000038	[ 24] _emit_native_start_except_handler
0x10001FAEE	0x00000011	[ 24] _emit_native_end_except_handler
0x10001FAFF	0x0000004A	[ 24] _emit_call_with_imm_arg
0x10001FB49	0x00000032	[ 24] _emit_native_mov_state_reg
0x10001FB7B	0x0000039E	[ 24] _emit_native_global_exc_entry
0x10001FF19	0x0000005F	[ 24] _need_reg_all
0x10001FF78	0x0000002D	[ 24] _emit_native_mov_reg_state
0x10001FFA5	0x0000003C	[ 24] _ensure_extra_stack
0x10001FFE1	0x0000003B	[ 24] _adjust_stack
0x10002001C	0x000000AB	[ 24] _emit_native_load_fast
0x1000200C7	0x00000051	[ 24] _emit_post_push_reg
0x100020118	0x0000007C	[ 24] _need_reg_single
0x100020194	0x0000007B	[ 24] _emit_pre_pop_reg_flexible
0x10002020F	0x000000A6	[ 24] _emit_access_stack
0x1000202B5	0x000000A8	[ 24] _load_reg_stack_imm
0x10002035D	0x00000051	[ 24] _emit_post_push_imm
0x1000203AE	0x0000007E	[ 24] _emit_call_with_qstr_arg
0x10002042C	0x00000114	[ 24] _emit_native_store_fast
0x100020540	0x000000B9	[ 24] _need_stack_settled
0x1000205F9	0x0000008A	[ 24] _emit_native_leave_exc_stack
0x100020683	0x00000076	[ 24] _emit_load_reg_with_ptr
0x1000206F9	0x00000143	[ 24] _emit_get_stack_pointer_to_reg_for_pop
0x10002083C	0x0000007B	[ 24] _emit_get_stack_pointer_to_reg_for_push
0x1000208B7	0x00000064	[ 24] _emit_native_mov_reg_state_addr
0x10002091B	0x0000016A	[ 24] _emit_native_jump_helper
0x100020A85	0x0000009B	[ 24] _emit_native_push_exc_stack
0x100020B20	0x0000005D	[ 24] _emit_call_with_2_imm_args
0x100020B7D	0x00000070	[ 24] _emit_fold_stack_top
0x100020BF0	0x0000005B	[ 25] _emit_inline_thumb_new
0x100020C4B	0x0000002A	[ 25] _emit_inline_thumb_free
0x100020C75	0x00000050	[ 25] _emit_inline_thumb_start_pass
0x100020CC5	0x0000001C	[ 25] _emit_inline_thumb_end_pass
0x100020CE1	0x000000D1	[ 25] _emit_inline_thumb_count_params
0x100020DB2	0x00000044	[ 25] _emit_inline_thumb_label
0x100020DF6	0x000010E6	[ 25] _emit_inline_thumb_op
0x100021EDC	0x000000AA	[ 25] _get_arg_vfpreg
0x100021F86	0x000000C6	[ 25] _get_arg_reg
0x10002204C	0x00000078	[ 25] _get_arg_addr
0x1000220C4	0x0000007E	[ 25] _get_arg_i
0x100022142	0x0000007B	[ 25] _get_arg_label
0x1000221BD	0x00000167	[ 25] _get_arg_reglist
0x100022324	0x00000006	[ 26] _asm_arm_end_pass
0x10002232A	0x0000007A	[ 26] _asm_arm_entry
0x1000223A4	0x00000063	[ 26] _asm_arm_exit
0x100022407	0x0000002E	[ 26] _asm_arm_mov_reg_reg
0x100022435	0x0000006B	[ 26] _asm_arm_mov_reg_i32
0x1000224A0	0x00000071	[ 26] _asm_arm_mov_reg_i32_optimised
0x100022511	0x00000032	[ 26] _asm_arm_mov_local_reg
0x100022543	0x00000032	[ 26] _asm_arm_mov_reg_local
0x100022575	0x00000031	[ 26] _asm_arm_cmp_reg_i8
0x1000225A6	0x0000002E	[ 26] _asm_arm_cmp_reg_reg
0x1000225D4	0x00000060	[ 26] _asm_arm_setcc_reg
0x100022634	0x00000041	[ 26] _asm_arm_add_reg_reg_reg
0x100022675	0x00000041	[ 26] _asm_arm_sub_reg_reg_reg
0x1000226B6	0x0000004A	[ 26] _asm_arm_mul_reg_reg_reg
0x100022700	0x00000041	[ 26] _asm_arm_and_reg_reg_reg
0x100022741	0x00000041	[ 26] _asm_arm_eor_reg_reg_reg
0x100022782	0x00000041	[ 26] _asm_arm_orr_reg_reg_reg
0x1000227C3	0x00000033	[ 26] _asm_arm_mov_reg_local_addr
0x1000227F6	0x000000AC	[ 26] _asm_arm_mov_reg_pcrel
0x1000228A2	0x00000036	[ 26] _asm_arm_lsl_reg_reg
0x1000228D8	0x00000036	[ 26] _asm_arm_lsr_reg_reg
0x10002290E	0x00000036	[ 26] _asm_arm_asr_reg_reg
0x100022944	0x00000041	[ 26] _asm_arm_ldr_reg_reg
0x100022985	0x00000032	[ 26] _asm_arm_ldrh_reg_reg
0x1000229B7	0x00000032	[ 26] _asm_arm_ldrb_reg_reg
0x1000229E9	0x00000041	[ 26] _asm_arm_str_reg_reg
0x100022A2A	0x00000032	[ 26] _asm_arm_strh_reg_reg
0x100022A5C	0x00000032	[ 26] _asm_arm_strb_reg_reg
0x100022A8E	0x00000041	[ 26] _asm_arm_str_reg_reg_reg
0x100022ACF	0x0000005C	[ 26] _asm_arm_strh_reg_reg_reg
0x100022B2B	0x00000041	[ 26] _asm_arm_strb_reg_reg_reg
0x100022B6C	0x00000080	[ 26] _asm_arm_bcc_label
0x100022BEC	0x00000011	[ 26] _asm_arm_b_label
0x100022BFD	0x00000050	[ 26] _asm_arm_bl_ind
0x100022C4D	0x00000026	[ 26] _asm_arm_bx_reg
0x100022C74	0x0000007A	[ 27] _emit_native_arm_new
0x100022CEE	0x0000004C	[ 27] _emit_native_arm_free
0x100022D3A	0x000007EB	[ 27] _emit_native_start_pass
0x100023525	0x00000458	[ 27] _emit_native_end_pass
0x10002397D	0x0000000C	[ 27] _emit_native_last_emit_was_return_value
0x100023989	0x0000005E	[ 27] _emit_native_adjust_stack_size
0x1000239E7	0x00000006	[ 27] _emit_native_set_source_line
0x1000239ED	0x0000009A	[ 27] _emit_native_load_local
0x100023A87	0x00000071	[ 27] _emit_native_load_global
0x100023AF8	0x000000D2	[ 27] _emit_native_store_local
0x100023BCA	0x00000126	[ 27] _emit_native_store_global
0x100023CF0	0x00000043	[ 27] _emit_native_delete_local
0x100023D33	0x0000001C	[ 27] _emit_native_delete_global
0x100023D4F	0x000000CD	[ 27] _emit_native_label_assign
0x100023E1C	0x0000016F	[ 27] _emit_native_import
0x100023F8B	0x0000003E	[ 27] _emit_native_load_const_tok
0x100023FC9	0x00000019	[ 27] _emit_native_load_const_small_int
0x100023FE2	0x00000072	[ 27] _emit_native_load_const_str
0x100024054	0x00000052	[ 27] _emit_native_load_const_obj
0x1000240A6	0x00000015	[ 27] _emit_native_load_null
0x1000240BB	0x000000AF	[ 27] _emit_native_load_method
0x10002416A	0x0000003D	[ 27] _emit_native_load_build_class
0x1000241A7	0x00000A55	[ 27] _emit_native_subscr
0x100024BFC	0x00000168	[ 27] _emit_native_attr
0x100024D64	0x00000063	[ 27] _emit_native_dup_top
0x100024DC7	0x000000B2	[ 27] _emit_native_dup_top_two
0x100024E79	0x00000018	[ 27] _emit_native_pop_top
0x100024E91	0x00000092	[ 27] _emit_native_rot_two
0x100024F23	0x000000DC	[ 27] _emit_native_rot_three
0x100024FFF	0x0000002C	[ 27] _emit_native_jump
0x10002502B	0x0000000F	[ 27] _emit_native_pop_jump_if
0x10002503A	0x0000000C	[ 27] _emit_native_jump_if_or_pop
0x100025046	0x00000144	[ 27] _emit_native_unwind_jump
0x10002518A	0x000001C4	[ 27] _emit_native_setup_block
0x10002534E	0x0000021F	[ 27] _emit_native_with_cleanup
0x10002556D	0x0000011F	[ 27] _emit_native_end_finally
0x10002568C	0x000000C3	[ 27] _emit_native_get_iter
0x10002574F	0x0000007C	[ 27] _emit_native_for_iter
0x1000257CB	0x00000018	[ 27] _emit_native_for_iter_end
0x1000257E3	0x00000062	[ 27] _emit_native_pop_except_jump
0x100025845	0x000000A3	[ 27] _emit_native_unary_op
0x1000258E8	0x000004E0	[ 27] _emit_native_binary_op
0x100025DC8	0x000001DE	[ 27] _emit_native_build
0x100025FA6	0x000000E9	[ 27] _emit_native_store_map
0x10002608F	0x00000174	[ 27] _emit_native_store_comp
0x100026203	0x00000073	[ 27] _emit_native_unpack_sequence
0x100026276	0x00000087	[ 27] _emit_native_unpack_ex
0x1000262FD	0x0000011C	[ 27] _emit_native_make_function
0x100026419	0x000000B0	[ 27] _emit_native_make_closure
0x1000264C9	0x000001DC	[ 27] _emit_native_call_function
0x1000266A5	0x00000083	[ 27] _emit_native_call_method
0x100026728	0x000001E7	[ 27] _emit_native_return_value
0x10002690F	0x00000089	[ 27] _emit_native_raise_varargs
0x100026998	0x0000028D	[ 27] _emit_native_yield
0x100026C25	0x00000038	[ 27] _emit_native_start_except_handler
0x100026C5D	0x00000011	[ 27] _emit_native_end_except_handler
0x100026C6E	0x0000004A	[ 27] _emit_call_with_imm_arg
0x100026CB8	0x00000032	[ 27] _emit_native_mov_state_reg
0x100026CEA	0x0000039B	[ 27] _emit_native_global_exc_entry
0x100027085	0x0000005F	[ 27] _need_reg_all
0x1000270E4	0x00000030	[ 27] _emit_native_mov_reg_state
0x100027114	0x0000003C	[ 27] _ensure_extra_stack
0x100027150	0x0000003B	[ 27] _adjust_stack
0x10002718B	0x000000AB	[ 27] _emit_native_load_fast
0x100027236	0x00000051	[ 27] _emit_post_push_reg
0x100027287	0x0000007C	[ 27] _need_reg_single
0x100027303	0x0000007B	[ 27] _emit_pre_pop_reg_flexible
0x10002737E	0x000000A6	[ 27] _emit_access_stack
0x100027424	0x000000AD	[ 27] _load_reg_stack_imm
0x1000274D1	0x00000051	[ 27] _emit_post_push_imm
0x100027522	0x00000079	[ 27] _emit_call_with_qstr_arg
0x10002759B	0x00000114	[ 27] _emit_native_store_fast
0x1000276AF	0x000000B9	[ 27] _need_stack_settled
0x100027768	0x00000087	[ 27] _emit_native_leave_exc_stack
0x1000277EF	0x0000007A	[ 27] _emit_load_reg_with_ptr
0x100027869	0x00000143	[ 27] _emit_get_stack_pointer_to_reg_for_pop
0x1000279AC	0x0000007B	[ 27] _emit_get_stack_pointer_to_reg_for_push
0x100027A27	0x00000053	[ 27] _emit_native_mov_reg_state_addr
0x100027A7A	0x0000016E	[ 27] _emit_native_jump_helper
0x100027BE8	0x0000009B	[ 27] _emit_native_push_exc_stack
0x100027C83	0x0000005D	[ 27] _emit_call_with_2_imm_args
0x100027CE0	0x00000070	[ 27] _emit_fold_stack_top
0x100027D50	0x00000013	[ 28] _asm_xtensa_end_pass
0x100027D63	0x0000012B	[ 28] _asm_xtensa_entry
0x100027E8E	0x000000E7	[ 28] _asm_xtensa_exit
0x100027F75	0x000000A5	[ 28] _asm_xtensa_entry_win
0x10002801A	0x0000003B	[ 28] _asm_xtensa_exit_win
0x100028055	0x00000021	[ 28] _asm_xtensa_op16
0x100028076	0x00000029	[ 28] _asm_xtensa_op24
0x10002809F	0x0000004F	[ 28] _asm_xtensa_j_label
0x1000280EE	0x00000092	[ 28] _asm_xtensa_bccz_reg_label
0x100028180	0x000000A4	[ 28] _asm_xtensa_bcc_reg_reg_label
0x100028224	0x00000095	[ 28] _asm_xtensa_setcc_reg_reg_reg
0x1000282B9	0x0000008D	[ 28] _asm_xtensa_mov_reg_i32
0x100028346	0x00000065	[ 28] _asm_xtensa_mov_reg_i32_optimised
0x1000283AB	0x0000003F	[ 28] _asm_xtensa_mov_local_reg
0x1000283EA	0x0000003F	[ 28] _asm_xtensa_mov_reg_local
0x100028429	0x000000B9	[ 28] _asm_xtensa_mov_reg_local_addr
0x1000284E2	0x000000D7	[ 28] _asm_xtensa_mov_reg_pcrel
0x1000285B9	0x0000006B	[ 28] _asm_xtensa_call_ind
0x100028624	0x0000006B	[ 28] _asm_xtensa_call_ind_win
0x100028690	0x0000007A	[ 29] _emit_native_xtensa_new
0x10002870A	0x0000004C	[ 29] _emit_native_xtensa_free
0x100028756	0x000007C8	[ 29] _emit_native_start_pass
0x100028F1E	0x00000449	[ 29] _emit_native_end_pass
0x100029367	0x0000000C	[ 29] _emit_native_last_emit_was_return_value
0x100029373	0x0000005E	[ 29] _emit_native_adjust_stack_size
0x1000293D1	0x00000006	[ 29] _emit_native_set_source_line
0x1000293D7	0x000000A4	[ 29] _emit_native_load_local
0x10002947B	0x00000077	[ 29] _emit_native_load_global
0x1000294F2	0x000000E2	[ 29] _emit_native_store_local
0x1000295D4	0x0000012A	[ 29] _emit_native_store_global
0x1000296FE	0x00000043	[ 29] _emit_native_delete_local
0x100029741	0x0000001F	[ 29] _emit_native_delete_global
0x100029760	0x000000D7	[ 29] _emit_native_label_assign
0x100029837	0x00000176	[ 29] _emit_native_import
0x1000299AD	0x0000003E	[ 29] _emit_native_load_const_tok
0x1000299EB	0x00000019	[ 29] _emit_native_load_const_small_int
0x100029A04	0x0000007B	[ 29] _emit_native_load_const_str
0x100029A7F	0x00000058	[ 29] _emit_native_load_const_obj
0x100029AD7	0x00000015	[ 29] _emit_native_load_null
0x100029AEC	0x000000B5	[ 29] _emit_native_load_method
0x100029BA1	0x0000003B	[ 29] _emit_native_load_build_class
0x100029BDC	0x00000B58	[ 29] _emit_native_subscr
0x10002A734	0x0000016A	[ 29] _emit_native_attr
0x10002A89E	0x00000063	[ 29] _emit_native_dup_top
0x10002A901	0x000000BB	[ 29] _emit_native_dup_top_two
0x10002A9BC	0x00000018	[ 29] _emit_native_pop_top
0x10002A9D4	0x00000098	[ 29] _emit_native_rot_two
0x10002AA6C	0x000000E2	[ 29] _emit_native_rot_three
0x10002AB4E	0x0000002C	[ 29] _emit_native_jump
0x10002AB7A	0x0000000F	[ 29] _emit_native_pop_jump_if
0x10002AB89	0x0000000C	[ 29] _emit_native_jump_if_or_pop
0x10002AB95	0x00000155	[ 29] _emit_native_unwind_jump
0x10002ACEA	0x000001CD	[ 29] _emit_native_setup_block
0x10002AEB7	0x0000020B	[ 29] _emit_native_with_cleanup
0x10002B0C2	0x00000118	[ 29] _emit_native_end_finally
0x10002B1DA	0x000000BF	[ 29] _emit_native_get_iter
0x10002B299	0x00000072	[ 29] _emit_native_for_iter
0x10002B30B	0x00000018	[ 29] _emit_native_for_iter_end
0x10002B323	0x00000068	[ 29] _emit_native_pop_except_jump
0x10002B38B	0x000000A9	[ 29] _emit_native_unary_op
0x10002B434	0x00000528	[ 29] _emit_native_binary_op
0x10002B95C	0x000001DE	[ 29] _emit_native_build
0x10002BB3A	0x000000EA	[ 29] _emit_native_store_map
0x10002BC24	0x00000172	[ 29] _emit_native_store_comp
0x10002BD96	0x00000076	[ 29] _emit_native_unpack_sequence
0x10002BE0C	0x0000008A	[ 29] _emit_native_unpack_ex
0x10002BE96	0x0000011A	[ 29] _emit_native_make_function
0x10002BFB0	0x000000AE	[ 29] _emit_native_make_closure
0x10002C05E	0x000001E5	[ 29] _emit_native_call_function
0x10002C243	0x00000086	[ 29] _emit_native_call_method
0x10002C2C9	0x000001FA	[ 29] _emit_native_return_value
0x10002C4C3	0x00000087	[ 29] _emit_native_raise_varargs
0x10002C54A	0x00000296	[ 29] _emit_native_yield
0x10002C7E0	0x0000003E	[ 29] _emit_native_start_except_handler
0x10002C81E	0x00000011	[ 29] _emit_native_end_except_handler
0x10002C82F	0x00000045	[ 29] _emit_call_with_imm_arg
0x10002C874	0x00000038	[ 29] _emit_native_mov_state_reg
0x10002C8AC	0x0000036B	[ 29] _emit_native_global_exc_entry
0x10002CC17	0x0000005F	[ 29] _need_reg_all
0x10002CC76	0x00000038	[ 29] _emit_native_mov_reg_state
0x10002CCAE	0x0000003C	[ 29] _ensure_extra_stack
0x10002CCEA	0x0000003B	[ 29] _adjust_stack
0x10002CD25	0x000000B4	[ 29] _emit_native_load_fast
0x10002CDD9	0x00000051	[ 29] _emit_post_push_reg
0x10002CE2A	0x0000007C	[ 29] _need_reg_single
0x10002CEA6	0x0000007B	[ 29] _emit_pre_pop_reg_flexible
0x10002CF21	0x000000B5	[ 29] _emit_access_stack
0x10002CFD6	0x000000AA	[ 29] _load_reg_stack_imm
0x10002D080	0x00000051	[ 29] _emit_post_push_imm
0x10002D0D1	0x00000074	[ 29] _emit_call_with_qstr_arg
0x10002D145	0x0000011A	[ 29] _emit_native_store_fast
0x10002D25F	0x000000BF	[ 29] _need_stack_settled
0x10002D31E	0x0000008C	[ 29] _emit_native_leave_exc_stack
0x10002D3AA	0x0000007D	[ 29] _emit_load_reg_with_ptr
0x10002D427	0x00000149	[ 29] _emit_get_stack_pointer_to_reg_for_pop
0x10002D570	0x0000007B	[ 29] _emit_get_stack_pointer_to_reg_for_push
0x10002D5EB	0x0000005B	[ 29] _emit_native_mov_reg_state_addr
0x10002D646	0x00000150	[ 29] _emit_native_jump_helper
0x10002D796	0x000000A1	[ 29] _emit_native_push_exc_stack
0x10002D837	0x0000005B	[ 29] _emit_call_with_2_imm_args
0x10002D892	0x00000073	[ 29] _emit_fold_stack_top
0x10002D908	0x00000063	[ 30] _emit_inline_xtensa_new
0x10002D96B	0x0000002A	[ 30] _emit_inline_xtensa_free
0x10002D995	0x00000050	[ 30] _emit_inline_xtensa_start_pass
0x10002D9E5	0x0000001C	[ 30] _emit_inline_xtensa_end_pass
0x10002DA01	0x000000D1	[ 30] _emit_inline_xtensa_count_params
0x10002DAD2	0x00000044	[ 30] _emit_inline_xtensa_label
0x10002DB16	0x000003AE	[ 30] _emit_inline_xtensa_op
0x10002DEC4	0x000000A7	[ 30] _get_arg_reg
0x10002DF6B	0x0000007B	[ 30] _get_arg_label
0x10002DFE6	0x000000A2	[ 30] _get_arg_i
0x10002E088	0x0000007A	[ 31] _emit_native_xtensawin_new
0x10002E102	0x0000004C	[ 31] _emit_native_xtensawin_free
0x10002E14E	0x000007F3	[ 31] _emit_native_start_pass
0x10002E941	0x000004C2	[ 31] _emit_native_end_pass
0x10002EE03	0x0000000C	[ 31] _emit_native_last_emit_was_return_value
0x10002EE0F	0x0000005E	[ 31] _emit_native_adjust_stack_size
0x10002EE6D	0x00000006	[ 31] _emit_native_set_source_line
0x10002EE73	0x000000A4	[ 31] _emit_native_load_local
0x10002EF17	0x00000077	[ 31] _emit_native_load_global
0x10002EF8E	0x000000E2	[ 31] _emit_native_store_local
0x10002F070	0x0000012A	[ 31] _emit_native_store_global
0x10002F19A	0x00000043	[ 31] _emit_native_delete_local
0x10002F1DD	0x0000001F	[ 31] _emit_native_delete_global
0x10002F1FC	0x000000D7	[ 31] _emit_native_label_assign
0x10002F2D3	0x00000176	[ 31] _emit_native_import
0x10002F449	0x0000003E	[ 31] _emit_native_load_const_tok
0x10002F487	0x00000019	[ 31] _emit_native_load_const_small_int
0x10002F4A0	0x0000007B	[ 31] _emit_native_load_const_str
0x10002F51B	0x00000058	[ 31] _emit_native_load_const_obj
0x10002F573	0x00000015	[ 31] _emit_native_load_null
0x10002F588	0x000000B5	[ 31] _emit_native_load_method
0x10002F63D	0x0000003B	[ 31] _emit_native_load_build_class
0x10002F678	0x00000B5C	[ 31] _emit_native_subscr
0x1000301D4	0x0000016A	[ 31] _emit_native_attr
0x10003033E	0x00000063	[ 31] _emit_native_dup_top
0x1000303A1	0x000000BB	[ 31] _emit_native_dup_top_two
0x10003045C	0x00000018	[ 31] _emit_native_pop_top
0x100030474	0x00000098	[ 31] _emit_native_rot_two
0x10003050C	0x000000E2	[ 31] _emit_native_rot_three
0x1000305EE	0x0000002C	[ 31] _emit_native_jump
0x10003061A	0x0000000F	[ 31] _emit_native_pop_jump_if
0x100030629	0x0000000C	[ 31] _emit_native_jump_if_or_pop
0x100030635	0x00000155	[ 31] _emit_native_unwind_jump
0x10003078A	0x000001CD	[ 31] _emit_native_setup_block
0x100030957	0x0000020B	[ 31] _emit_native_with_cleanup
0x100030B62	0x00000118	[ 31] _emit_native_end_finally
0x100030C7A	0x000000BF	[ 31] _emit_native_get_iter
0x100030D39	0x00000072	[ 31] _emit_native_for_iter
0x100030DAB	0x00000018	[ 31] _emit_native_for_iter_end
0x100030DC3	0x00000068	[ 31] _emit_native_pop_except_jump
0x100030E2B	0x000000A9	[ 31] _emit_native_unary_op
0x100030ED4	0x00000528	[ 31] _emit_native_binary_op
0x1000313FC	0x000001DE	[ 31] _emit_native_build
0x1000315DA	0x000000EA	[ 31] _emit_native_store_map
0x1000316C4	0x00000172	[ 31] _emit_native_store_comp
0x100031836	0x00000076	[ 31] _emit_native_unpack_sequence
0x1000318AC	0x0000008A	[ 31] _emit_native_unpack_ex
0x100031936	0x0000011A	[ 31] _emit_native_make_function
0x100031A50	0x000000AE	[ 31] _emit_native_make_closure
0x100031AFE	0x000001E5	[ 31] _emit_native_call_function
0x100031CE3	0x00000086	[ 31] _emit_native_call_method
0x100031D69	0x0000021A	[ 31] _emit_native_return_value
0x100031F83	0x00000087	[ 31] _emit_native_raise_varargs
0x10003200A	0x00000296	[ 31] _emit_native_yield
0x1000322A0	0x0000003E	[ 31] _emit_native_start_except_handler
0x1000322DE	0x00000011	[ 31] _emit_native_end_except_handler
0x1000322EF	0x00000045	[ 31] _emit_call_with_imm_arg
0x100032334	0x00000037	[ 31] _emit_native_mov_state_reg
0x10003236B	0x00000415	[ 31] _emit_native_global_exc_entry
0x100032780	0x0000005F	[ 31] _need_reg_all
0x1000327DF	0x00000037	[ 31] _emit_native_mov_reg_state
0x100032816	0x0000003C	[ 31] _ensure_extra_stack
0x100032852	0x0000003B	[ 31] _adjust_stack
0x10003288D	0x000000B4	[ 31] _emit_native_load_fast
0x100032941	0x00000051	[ 31] _emit_post_push_reg
0x100032992	0x0000007C	[ 31] _need_reg_single
0x100032A0E	0x0000007B	[ 31] _emit_pre_pop_reg_flexible
0x100032A89	0x000000B5	[ 31] _emit_access_stack
0x100032B3E	0x000000AA	[ 31] _load_reg_stack_imm
0x100032BE8	0x00000051	[ 31] _emit_post_push_imm
0x100032C39	0x00000074	[ 31] _emit_call_with_qstr_arg
0x100032CAD	0x0000011A	[ 31] _emit_native_store_fast
0x100032DC7	0x000000BF	[ 31] _need_stack_settled
0x100032E86	0x0000008C	[ 31] _emit_native_leave_exc_stack
0x100032F12	0x0000007D	[ 31] _emit_load_reg_with_ptr
0x100032F8F	0x00000149	[ 31] _emit_get_stack_pointer_to_reg_for_pop
0x1000330D8	0x0000007B	[ 31] _emit_get_stack_pointer_to_reg_for_push
0x100033153	0x00000057	[ 31] _emit_native_mov_reg_state_addr
0x1000331AA	0x00000150	[ 31] _emit_native_jump_helper
0x1000332FA	0x000000A1	[ 31] _emit_native_push_exc_stack
0x10003339B	0x0000005B	[ 31] _emit_call_with_2_imm_args
0x1000333F6	0x00000073	[ 31] _emit_fold_stack_top
0x100033469	0x0000066A	[ 32] _mp_format_float
0x100033AD3	0x000000AF	[ 33] _mp_parse_num_base
0x100033B82	0x000001E7	[ 34] _mp_parse_num_integer
0x100033D69	0x00000034	[ 34] _raise_exc
0x100033D9D	0x00000381	[ 34] _mp_parse_num_decimal
0x10003411E	0x0000001A	[ 35] _mp_emit_glue_new_raw_code
0x100034138	0x00000032	[ 35] _mp_emit_glue_assign_bytecode
0x10003416A	0x00000077	[ 35] _mp_emit_glue_assign_native
0x1000341E1	0x000000CC	[ 36] _mp_raw_code_save
0x1000342AD	0x0000007E	[ 36] _mp_raw_code_has_native
0x10003432B	0x00000061	[ 36] _mp_print_uint
0x10003438C	0x00000420	[ 36] _save_raw_code
0x1000347AC	0x0000004F	[ 36] _mp_raw_code_save_file
0x1000347FB	0x0000000A	[ 36] _fd_print_strn
0x100034805	0x00000175	[ 36] _extract_prelude
0x10003497A	0x00000034	[ 36] _save_prelude_qstrs
0x1000349AE	0x00000114	[ 36] _save_qstr
0x100034AC4	0x00000077	[ 37] _mp_init
0x100034B3B	0x00000006	[ 37] _mp_deinit
0x100034B43	0x00000073	[ 37] _mp_raise_msg_varg
0x100034BB9	0x000001DB	[ 37] _mp_unary_op
0x100034D94	0x0000056C	[ 37] _mp_binary_op
0x100035300	0x00000013	[ 37] _mp_raise_ValueError
0x100035313	0x000000FF	[ 37] _mp_getiter
0x100035412	0x0000010D	[ 37] _mp_iternext
0x10003551F	0x00000023	[ 37] _mp_raise_msg
0x100035542	0x00000058	[ 37] _mp_call_function_n_kw
0x10003559A	0x00000021	[ 37] _mp_call_function_1
0x1000355BB	0x00000030	[ 37] _mp_call_method_n_kw
0x1000355EC	0x000000B1	[ 37] _mp_convert_member_lookup
0x10003569D	0x000000C1	[ 37] _mp_load_method_maybe
0x10003575E	0x000000C3	[ 37] _mp_iternext_allow_raise
0x100035823	0x00000035	[ 37] _m_malloc_fail
0x100035858	0x00000013	[ 37] _mp_raise_TypeError
0x10003586B	0x00000020	[ 37] _mp_raise_OSError
0x10003588B	0x00000013	[ 37] _mp_raise_NotImplementedError
0x10003589E	0x0000001D	[ 37] _mp_raise_recursion_depth
0x1000358BB	0x00000066	[ 37] _checked_fun_call
0x100035924	0x0000008C	[ 40] _mp_native_type_from_qstr
0x1000359B0	0x00000014	[ 43] _mp_stack_ctrl_init
0x1000359C4	0x00000011	[ 43] _mp_stack_set_limit
0x1000359D5	0x0000002A	[ 43] _mp_stack_check
0x1000359FF	0x0000007D	[ 44] _mp_arg_check_num_sig
0x100035A7C	0x0000013C	[ 44] _mp_arg_parse_all
0x100035BB8	0x00000054	[ 44] _mp_arg_parse_all_kw_array
0x100035C0C	0x00000010	[ 44] _mp_arg_error_unimpl_kw
0x100035C1C	0x0000003F	[ 46] _mp_map_init
0x100035C5B	0x00000019	[ 46] _mp_map_init_fixed_table
0x100035C74	0x00000031	[ 46] _mp_map_deinit
0x100035CA5	0x00000037	[ 46] _mp_map_clear
0x100035CDC	0x00000243	[ 46] _mp_map_lookup
0x100035F1F	0x000000C2	[ 46] _mp_map_rehash
0x100035FE1	0x00000021	[ 47] _mp_obj_get_type
0x100036002	0x00000029	[ 47] _mp_obj_get_type_str
0x10003602B	0x0000008D	[ 47] _mp_obj_print_helper
0x1000360B8	0x0000011A	[ 47] _mp_obj_print_exception
0x1000361D2	0x0000007E	[ 47] _mp_obj_is_true
0x100036250	0x0000006C	[ 47] _mp_obj_len_maybe
0x1000362BC	0x000001B6	[ 47] _mp_obj_equal_not_equal
0x100036472	0x0000001D	[ 47] _mp_obj_equal
0x10003648F	0x0000004D	[ 47] _mp_obj_get_int
0x1000364DC	0x00000027	[ 47] _mp_obj_get_int_truncated
0x100036503	0x0000005C	[ 47] _mp_obj_get_int_maybe
0x10003655F	0x0000006D	[ 47] _mp_obj_get_float_maybe
0x1000365CC	0x00000042	[ 47] _mp_obj_get_float
0x10003660E	0x00000095	[ 47] _mp_obj_get_complex_maybe
0x1000366A3	0x00000048	[ 47] _mp_obj_get_array
0x1000366EB	0x000000C7	[ 47] _mp_get_index
0x1000367B2	0x0000009E	[ 47] _mp_obj_subscr
0x100036850	0x00000009	[ 47] _mp_identity_getiter
0x100036859	0x00000035	[ 47] _mp_get_buffer
0x10003688E	0x0000003C	[ 47] _mp_get_buffer_raise
0x1000368CA	0x00000014	[ 47] _mp_generic_unary_op
0x1000368DE	0x00000020	[ 49] _bool_print
0x1000368FE	0x00000041	[ 49] _bool_make_new
0x10003693F	0x00000021	[ 49] _bool_unary_op
0x100036960	0x00000018	[ 49] _bool_binary_op
0x100036978	0x000000F0	[ 50] _mp_call_method_self_n_kw
0x100036A68	0x000000F5	[ 53] _complex_print
0x100036B5D	0x0000018E	[ 53] _complex_make_new
0x100036CEB	0x000000E5	[ 53] _complex_unary_op
0x100036DD0	0x00000017	[ 53] _complex_binary_op
0x100036DE7	0x0000003C	[ 53] _complex_attr
0x100036E23	0x00000040	[ 53] _mp_obj_new_complex
0x100036E63	0x0000002B	[ 53] _mp_obj_complex_get
0x100036E8E	0x00000316	[ 53] _mp_obj_complex_binary_op
0x1000371A4	0x000000B3	[ 54] _mp_obj_dict_make_new
0x100037257	0x000001C1	[ 54] _dict_update
0x100037418	0x0000003B	[ 54] _mp_obj_dict_get
0x100037453	0x00000096	[ 54] _mp_obj_dict_copy
0x1000374E9	0x000000BA	[ 54] _dict_print
0x1000375A3	0x00000030	[ 54] _dict_unary_op
0x1000375D3	0x000000D2	[ 54] _dict_binary_op
0x1000376A5	0x0000009A	[ 54] _dict_subscr
0x10003773F	0x00000026	[ 54] _dict_getiter
0x100037765	0x00000018	[ 54] _mp_obj_dict_init
0x10003777D	0x00000034	[ 54] _mp_obj_dict_store
0x1000377B1	0x00000095	[ 54] _dict_get_helper
0x100037846	0x00000065	[ 54] _dict_iter_next
0x1000378AB	0x00000055	[ 54] _dict_view_it_iternext
0x100037900	0x00000021	[ 54] _dict_clear
0x100037921	0x000000B3	[ 54] _dict_fromkeys
0x1000379D4	0x0000000C	[ 54] _dict_get
0x1000379E0	0x0000002F	[ 54] _dict_items
0x100037A0F	0x000000C1	[ 54] _dict_view_print
0x100037AD0	0x00000039	[ 54] _dict_view_binary_op
0x100037B09	0x00000029	[ 54] _dict_view_getiter
0x100037B32	0x0000002F	[ 54] _dict_keys
0x100037B61	0x0000000F	[ 54] _dict_pop
0x100037B70	0x0000007D	[ 54] _dict_popitem
0x100037BED	0x0000000F	[ 54] _dict_setdefault
0x100037BFC	0x0000002F	[ 54] _dict_values
0x100037C2B	0x000000B9	[ 56] _mp_obj_exception_print
0x100037CE4	0x000000AC	[ 56] _mp_obj_exception_make_new
0x100037D90	0x00000066	[ 56] _mp_obj_exception_attr
0x100037DF6	0x00000063	[ 56] _mp_obj_new_exception
0x100037E59	0x00000034	[ 56] _mp_obj_new_exception_arg1
0x100037E8D	0x000000C5	[ 56] _mp_obj_new_exception_msg
0x100037F52	0x0000009A	[ 56] _mp_obj_new_exception_msg_varg
0x100037FEC	0x00000150	[ 56] _mp_obj_new_exception_msg_vlist
0x10003813C	0x0000008E	[ 56] _exc_add_strn
0x1000381CA	0x00000034	[ 56] _mp_obj_is_exception_type
0x1000381FE	0x00000012	[ 56] _mp_obj_is_exception_instance
0x100038210	0x00000038	[ 56] _mp_obj_exception_match
0x100038248	0x000000FC	[ 56] _mp_obj_exception_add_traceback
0x100038344	0x00000066	[ 56] _mp_obj_exception_get_traceback
0x1000383AC	0x000000B2	[ 58] _float_print
0x10003845E	0x000000B6	[ 58] _float_make_new
0x100038514	0x000000C8	[ 58] _float_unary_op
0x1000385DC	0x00000047	[ 58] _float_binary_op
0x100038623	0x00000031	[ 58] _mp_obj_new_float
0x100038654	0x00000022	[ 58] _mp_obj_float_get
0x100038676	0x00000396	[ 58] _mp_obj_float_binary_op
0x100038A0C	0x000000C0	[ 58] _mp_obj_float_divmod
0x100038ACD	0x00000041	[ 59] _fun_builtin_1_call
0x100038B0E	0x00000044	[ 59] _fun_builtin_2_call
0x100038B52	0x00000048	[ 59] _fun_builtin_3_call
0x100038B9A	0x0000008F	[ 59] _fun_builtin_var_call
0x100038C29	0x0000002A	[ 61] _mp_obj_new_getitem_iter
0x100038C53	0x00000070	[ 61] _it_iternext
0x100038CC3	0x000000AA	[ 62] _mp_obj_new_int_from_float
0x100038D6D	0x0000008F	[ 62] _mp_obj_int_print
0x100038DFC	0x000001D5	[ 62] _mp_obj_int_formatted
0x100038FD1	0x00000069	[ 62] _mp_int_format_size
0x10003903A	0x0000006F	[ 62] _mp_obj_int_binary_op_extra_cases
0x1000390A9	0x000000F3	[ 62] _mp_obj_int_make_new
0x10003919C	0x000000A0	[ 62] _int_from_bytes
0x10003923C	0x000000C2	[ 62] _int_to_bytes
0x100039300	0x00000030	[ 63] _mp_obj_int_new_mpz
0x100039330	0x000000B8	[ 63] _mp_obj_int_formatted_impl
0x1000393E8	0x0000005D	[ 63] _mp_obj_int_from_bytes_impl
0x100039445	0x00000056	[ 63] _mp_obj_int_to_bytes_impl
0x10003949B	0x0000003A	[ 63] _mp_obj_int_sign
0x1000394D5	0x00000137	[ 63] _mp_obj_int_unary_op
0x10003960C	0x00000460	[ 63] _mp_obj_int_binary_op
0x100039A6C	0x00000044	[ 63] _mp_obj_int_get_checked
0x100039AB0	0x0000001C	[ 63] _mp_obj_new_int
0x100039ACC	0x0000004E	[ 63] _mp_obj_new_int_from_ll
0x100039B1A	0x0000004B	[ 63] _mp_obj_new_int_from_ull
0x100039B65	0x0000001A	[ 63] _mp_obj_new_int_from_uint
0x100039B7F	0x00000069	[ 63] _mp_obj_new_int_from_str_len
0x100039BE8	0x0000001C	[ 63] _mp_obj_int_get_truncated
0x100039C05	0x00000025	[ 63] _mp_obj_int_as_float_impl
0x100039C2A	0x0000006C	[ 64] _mp_obj_list_append
0x100039C96	0x0000006E	[ 64] _mp_obj_list_sort
0x100039D04	0x0000014A	[ 64] _mp_quicksort
0x100039E4E	0x00000069	[ 64] _mp_obj_list_remove
0x100039EB7	0x0000001B	[ 64] _list_index
0x100039ED2	0x000000B5	[ 64] _list_pop
0x100039F87	0x00000075	[ 64] _list_print
0x100039FFC	0x00000058	[ 64] _list_make_new
0x10003A054	0x0000002D	[ 64] _list_unary_op
0x10003A081	0x00000180	[ 64] _list_binary_op
0x10003A201	0x000002C9	[ 64] _list_subscr
0x10003A4CA	0x0000002A	[ 64] _list_getiter
0x10003A4F4	0x00000051	[ 64] _mp_obj_list_init
0x10003A545	0x00000056	[ 64] _mp_obj_new_list
0x10003A59B	0x00000014	[ 64] _mp_obj_list_get
0x10003A5AF	0x0000003C	[ 64] _list_extend_from_iter
0x10003A5EB	0x000000AE	[ 64] _list_extend
0x10003A699	0x00000027	[ 64] _list_it_iternext
0x10003A6C0	0x00000044	[ 64] _list_clear
0x10003A704	0x00000015	[ 64] _list_copy
0x10003A719	0x00000015	[ 64] _list_count
0x10003A72E	0x00000071	[ 64] _list_insert
0x10003A79F	0x0000004A	[ 64] _list_reverse
0x10003A7E9	0x0000002A	[ 67] _object_make_new
0x10003A813	0x0000000B	[ 67] _object___init__
0x10003A81E	0x00000042	[ 67] _object___new__
0x10003A860	0x00000008	[ 68] _polymorph_it_iternext
0x10003A868	0x00000082	[ 69] _property_make_new
0x10003A8EA	0x0000000A	[ 69] _mp_obj_property_get
0x10003A8F4	0x0000003E	[ 69] _property_getter
0x10003A932	0x0000003E	[ 69] _property_setter
0x10003A970	0x00000036	[ 69] _property_deleter
0x10003A9A6	0x00000011	[ 70] _none_print
0x10003A9B7	0x00000017	[ 74] _singleton_print
0x10003A9CE	0x00000085	[ 75] _slice_print
0x10003AA53	0x0000013B	[ 75] _mp_obj_slice_indices
0x10003AB90	0x0000013B	[ 76] _mp_str_print_quoted
0x10003ACCB	0x00000189	[ 76] _mp_obj_str_make_new
0x10003AE54	0x000000A7	[ 76] _mp_obj_new_str_from_vstr
0x10003AEFB	0x0000006B	[ 76] _mp_obj_new_str_copy
0x10003AF66	0x0000003A	[ 76] _mp_obj_new_str
0x10003AFA0	0x0000008E	[ 76] _find_subbytes
0x10003B02E	0x0000098A	[ 76] _mp_obj_str_binary_op
0x10003B9B8	0x00000036	[ 76] _bad_implicit_conversion
0x10003B9EE	0x000001A5	[ 76] _str_join
0x10003BB93	0x0000029F	[ 76] _mp_obj_str_split
0x10003BE32	0x00000026	[ 76] _mp_obj_new_str_of_type
0x10003BE58	0x00000060	[ 76] _mp_obj_str_get_data
0x10003BEB8	0x000001E2	[ 76] _str_rsplit
0x10003C09A	0x00000011	[ 76] _str_find
0x10003C0AB	0x00000011	[ 76] _str_rfind
0x10003C0BC	0x00000014	[ 76] _str_index
0x10003C0D0	0x00000014	[ 76] _str_rindex
0x10003C0E4	0x000000C3	[ 76] _str_startswith
0x10003C1A7	0x0000009A	[ 76] _str_endswith
0x10003C241	0x00000015	[ 76] _str_strip
0x10003C256	0x00000012	[ 76] _str_lstrip
0x10003C268	0x00000015	[ 76] _str_rstrip
0x10003C27D	0x0000008D	[ 76] _mp_obj_str_format
0x10003C30A	0x00000A5A	[ 76] _mp_obj_str_format_helper
0x10003CD64	0x000002B6	[ 76] _str_replace
0x10003D01A	0x00000169	[ 76] _str_count
0x10003D183	0x00000014	[ 76] _str_lower
0x10003D197	0x00000014	[ 76] _str_upper
0x10003D1AB	0x00000070	[ 76] _str_isspace
0x10003D21B	0x00000070	[ 76] _str_isalpha
0x10003D28B	0x00000070	[ 76] _str_isdigit
0x10003D2FB	0x00000095	[ 76] _str_isupper
0x10003D390	0x00000095	[ 76] _str_islower
0x10003D425	0x00000064	[ 76] _bytes_decode
0x10003D489	0x0000005F	[ 76] _str_encode
0x10003D4E8	0x0000005D	[ 76] _mp_obj_str_get_buffer
0x10003D545	0x0000008A	[ 76] _str_print
0x10003D5CF	0x00000229	[ 76] _bytes_make_new
0x10003D7F8	0x000000CF	[ 76] _bytes_subscr
0x10003D8C7	0x0000002A	[ 76] _mp_obj_new_bytes_iterator
0x10003D8F1	0x00000017	[ 76] _mp_obj_new_bytes
0x10003D908	0x00000013	[ 76] _mp_obj_new_str_via_qstr
0x10003D91B	0x000000F7	[ 76] _mp_obj_str_equal
0x10003DA12	0x0000003C	[ 76] _mp_obj_str_get_qstr
0x10003DA50	0x0000017C	[ 76] _str_finder
0x10003DBCC	0x000001FB	[ 76] _str_uni_strip
0x10003DDC7	0x00000099	[ 76] _str_caseconv
0x10003DE60	0x00000063	[ 76] _bytes_it_iternext
0x10003DEC3	0x00000106	[ 77] _str_index_to_ptr
0x10003DFC9	0x000001BA	[ 77] _uni_print
0x10003E183	0x00000069	[ 77] _uni_unary_op
0x10003E1EC	0x00000167	[ 77] _str_subscr
0x10003E353	0x0000002A	[ 77] _mp_obj_new_str_iterator
0x10003E37D	0x0000007E	[ 77] _str_it_iternext
0x10003E3FB	0x00000089	[ 78] _mp_obj_tuple_print
0x10003E484	0x00000086	[ 78] _mp_obj_tuple_unary_op
0x10003E50A	0x000001C7	[ 78] _mp_obj_tuple_binary_op
0x10003E6D1	0x00000053	[ 78] _mp_obj_new_tuple
0x10003E724	0x000000CA	[ 78] _mp_obj_tuple_subscr
0x10003E7EE	0x000000DA	[ 78] _mp_obj_tuple_make_new
0x10003E8C8	0x0000002A	[ 78] _mp_obj_tuple_getiter
0x10003E8F2	0x00000043	[ 78] _mp_obj_tuple_get
0x10003E935	0x00000024	[ 78] _tuple_it_iternext
0x10003E959	0x00000015	[ 78] _tuple_count
0x10003E96E	0x0000001B	[ 78] _tuple_index
0x10003E989	0x0000005D	[ 79] _mp_obj_new_instance
0x10003E9E6	0x000000AD	[ 79] _instance_count_native_bases
0x10003EA93	0x00000247	[ 79] _mp_obj_instance_make_new
0x10003ECDA	0x00000205	[ 79] _mp_obj_class_lookup
0x10003EEDF	0x000000D2	[ 79] _mp_obj_instance_call
0x10003EFB1	0x000000BE	[ 79] _mp_obj_instance_getiter
0x10003F06F	0x00000017	[ 79] _type_print
0x10003F086	0x0000005D	[ 79] _type_make_new
0x10003F0E3	0x00000029	[ 79] _type_call
0x10003F10C	0x000001CA	[ 79] _type_attr
0x10003F2D6	0x000002BA	[ 79] _mp_obj_new_type
0x10003F590	0x00000141	[ 79] _instance_print
0x10003F6D1	0x000000FF	[ 79] _instance_unary_op
0x10003F7D0	0x000000DE	[ 79] _instance_binary_op
0x10003F8AE	0x00000292	[ 79] _mp_obj_instance_attr
0x10003FB40	0x000000FB	[ 79] _instance_subscr
0x10003FC3B	0x00000098	[ 79] _instance_get_buffer
0x10003FCD3	0x00000053	[ 79] _static_class_method_make_new
0x10003FD26	0x00000091	[ 79] _mp_obj_is_subclass_fast
0x10003FDB7	0x00000036	[ 79] _mp_obj_cast_to_native_base
0x10003FDED	0x00000056	[ 79] _native_base_init_wrapper
0x10003FE43	0x00000027	[ 81] _op_getitem
0x10003FE6A	0x00000031	[ 81] _op_setitem
0x10003FE9B	0x00000024	[ 81] _op_delitem
0x10003FEBF	0x0000003F	[ 82] _mp_seq_multiply
0x10003FEFE	0x00000056	[ 82] _mp_seq_get_fast_slice_indexes
0x10003FF54	0x00000069	[ 82] _mp_seq_extract_slice
0x10003FFBD	0x00000091	[ 82] _mp_seq_cmp_bytes
0x10004004E	0x000000E4	[ 82] _mp_seq_cmp_objs
0x100040132	0x000000B1	[ 82] _mp_seq_index_obj
0x1000401E3	0x00000055	[ 82] _mp_seq_count_obj
0x10004023B	0x0000003D	[ 84] _mp_binary_set_int
0x100040278	0x0000001E	[ 87] _mp_builtin_next
0x100040296	0x00000089	[ 91] _mp_opcode_format
0x10004031F	0x00000079	[ 92] _mp_small_int_mul_overflow
0x100040398	0x00000028	[ 92] _mp_small_int_modulo
0x1000403C0	0x0000002E	[ 92] _mp_small_int_floor_divide
0x1000403EE	0x00000776	[ 93] _main_
0x100040B64	0x00000037	[ 93] _usage
0x100040B9B	0x0000001F	[ 93] _main
0x100040BBA	0x00000029	[ 93] _nlr_jump_fail
0x100040BE3	0x0000000F	[ 93] _stderr_print_strn
0x100040BF2	0x00000014	[ 94] _gc_collect
0x100040C06	0x00000074	[ 95] _gc_helper_collect_regs_and_stack
0x100040C80	0x00000030	[  5] _gc_free.cold.1
0x100040CB0	0x00000030	[  5] _gc_free.cold.2
0x100040CE0	0x00000030	[  5] _gc_realloc.cold.1
0x100040D10	0x00000030	[  5] _gc_realloc.cold.2
0x100040D40	0x00000023	[  5] _gc_realloc.cold.3
0x100040D63	0x00000023	[  7] _vstr_add_char.cold.1
0x100040D87	0x00000023	[  8] _mp_print_mp_int.cold.1
0x100040DAA	0x00000023	[  8] _mp_vprintf.cold.1
0x100040DCD	0x00000023	[ 10] _mpz_need_dig.cold.1
0x100040DF0	0x00000023	[ 10] _mpz_set_from_str.cold.1
0x100040E13	0x00000023	[ 10] _mpz_or_inpl.cold.1
0x100040E36	0x00000023	[ 10] _mpz_clone.cold.1
0x100040E59	0x00000023	[ 10] _mpz_divmod_inpl.cold.1
0x100040E7C	0x00000023	[ 10] _mpz_as_str_inpl.cold.1
0x100040E9F	0x00000023	[ 10] _mpz_as_str_inpl.cold.2
0x100040EC4	0x00000023	[ 13] _mp_parse.cold.1
0x100040EE7	0x00000023	[ 13] _mp_parse.cold.2
0x100040F0A	0x00000023	[ 13] _mp_parse.cold.3
0x100040F2D	0x00000023	[ 13] _mp_parse.cold.4
0x100040F50	0x00000023	[ 13] _mp_parse.cold.5
0x100040F73	0x00000023	[ 13] _mp_parse.cold.6
0x100040F96	0x00000023	[ 13] _mp_parse.cold.7
0x100040FB9	0x00000023	[ 13] _mp_parse.cold.8
0x100040FDC	0x00000023	[ 13] _mp_parse.cold.9
0x100040FFF	0x00000023	[ 13] _mp_parse.cold.10
0x100041022	0x00000023	[ 13] _mp_parse.cold.11
0x100041045	0x00000023	[ 13] _mp_parse.cold.12
0x100041068	0x00000023	[ 13] _push_rule_from_arg.cold.1
0x10004108B	0x00000023	[ 13] _pop_result.cold.1
0x1000410AE	0x00000023	[ 13] _push_result_rule.cold.1
0x1000410D1	0x00000023	[ 13] _push_result_rule.cold.2
0x1000410F4	0x00000023	[ 13] _push_result_rule.cold.3
0x100041117	0x00000023	[ 13] _push_result_rule.cold.4
0x10004113A	0x00000023	[ 13] _push_result_rule.cold.5
0x10004115D	0x00000023	[ 13] _push_result_rule.cold.6
0x100041180	0x00000023	[ 13] _push_result_rule.cold.7
0x1000411A3	0x00000023	[ 13] _push_result_rule.cold.8
0x1000411C6	0x00000023	[ 13] _push_result_rule.cold.9
0x1000411E9	0x00000023	[ 13] _push_result_rule.cold.10
0x10004120C	0x00000023	[ 13] _push_result_rule.cold.11
0x10004122F	0x00000023	[ 13] _push_result_rule.cold.12
0x100041252	0x00000023	[ 13] _push_result_rule.cold.13
0x100041275	0x00000023	[ 13] _push_result_rule.cold.14
0x100041298	0x00000023	[ 13] _push_result_rule.cold.15
0x1000412BB	0x00000023	[ 13] _push_result_rule.cold.16
0x1000412DE	0x00000021	[ 14] _scope_new.cold.1
0x1000412FF	0x00000023	[ 14] _scope_check_to_close_over.cold.1
0x100041322	0x00000021	[ 14] _scope_check_to_close_over.cold.2
0x100041345	0x00000023	[ 15] _mp_compile_to_raw_code.cold.1
0x100041368	0x00000023	[ 15] _compile_scope_inline_asm.cold.1
0x10004138B	0x00000023	[ 15] _compile_scope_inline_asm.cold.2
0x1000413AE	0x00000023	[ 15] _compile_scope_inline_asm.cold.3
0x1000413D1	0x00000023	[ 15] _compile_scope_inline_asm.cold.4
0x1000413F4	0x00000023	[ 15] _compile_scope.cold.1
0x100041417	0x00000023	[ 15] _compile_scope.cold.2
0x10004143A	0x00000023	[ 15] _compile_scope.cold.3
0x10004145D	0x00000023	[ 15] _compile_scope.cold.4
0x100041480	0x00000023	[ 15] _compile_scope.cold.5
0x1000414A3	0x00000023	[ 15] _compile_scope.cold.6
0x1000414C6	0x00000023	[ 15] _compile_scope.cold.7
0x1000414E9	0x00000023	[ 15] _compile_scope.cold.8
0x10004150C	0x00000023	[ 15] _compile_scope.cold.9
0x10004152F	0x00000023	[ 15] _compile_scope.cold.10
0x100041552	0x00000023	[ 15] _compile_scope.cold.11
0x100041575	0x00000023	[ 15] _compile_scope.cold.12
0x100041598	0x00000023	[ 15] _compile_scope.cold.13
0x1000415BB	0x00000023	[ 15] _compile_node.cold.1
0x1000415DE	0x00000023	[ 15] _compile_scope_comp_iter.cold.1
0x100041601	0x00000023	[ 15] _compile_decorated.cold.1
0x100041624	0x00000023	[ 15] _compile_decorated.cold.2
0x100041647	0x00000023	[ 15] _compile_decorated.cold.3
0x10004166A	0x00000023	[ 15] _compile_decorated.cold.4
0x10004168D	0x00000023	[ 15] _compile_expr_stmt.cold.1
0x1000416B0	0x00000023	[ 15] _compile_break_cont_stmt.cold.1
0x1000416D3	0x00000023	[ 15] _compile_import_from.cold.1
0x1000416F6	0x00000023	[ 15] _compile_import_from.cold.2
0x100041719	0x00000023	[ 15] _compile_import_from.cold.3
0x10004173C	0x00000023	[ 15] _compile_async_stmt.cold.1
0x10004175F	0x00000023	[ 15] _compile_async_stmt.cold.2
0x100041782	0x00000023	[ 15] _compile_async_stmt.cold.3
0x1000417A5	0x00000023	[ 15] _compile_if_stmt.cold.1
0x1000417C8	0x00000023	[ 15] _compile_for_stmt.cold.1
0x1000417EB	0x00000023	[ 15] _compile_try_stmt.cold.1
0x10004180E	0x00000023	[ 15] _compile_with_stmt.cold.1
0x100041831	0x00000023	[ 15] _compile_test_if_expr.cold.1
0x100041854	0x00000023	[ 15] _compile_comparison.cold.1
0x100041877	0x00000023	[ 15] _compile_comparison.cold.2
0x10004189A	0x00000023	[ 15] _compile_factor_2.cold.1
0x1000418BD	0x00000023	[ 15] _compile_atom_paren.cold.1
0x1000418E0	0x00000023	[ 15] _compile_atom_paren.cold.2
0x100041903	0x00000023	[ 15] _compile_atom_paren.cold.3
0x100041926	0x00000023	[ 15] _compile_atom_bracket.cold.1
0x100041949	0x00000023	[ 15] _compile_atom_brace.cold.1
0x10004196C	0x00000023	[ 15] _compile_atom_brace.cold.2
0x10004198F	0x00000023	[ 15] _compile_subscript.cold.1
0x1000419B2	0x00000023	[ 15] _compile_subscript.cold.2
0x1000419D5	0x00000023	[ 15] _compile_subscript.cold.3
0x1000419F8	0x00000023	[ 15] _compile_subscript.cold.4
0x100041A1B	0x00000023	[ 15] _compile_funcdef_lambdef_param.cold.1
0x100041A3E	0x00000023	[ 15] _compile_funcdef_lambdef_param.cold.2
0x100041A61	0x00000023	[ 15] _close_over_variables_etc.cold.1
0x100041A84	0x00000023	[ 15] _close_over_variables_etc.cold.2
0x100041AA7	0x00000023	[ 15] _compile_comprehension.cold.1
0x100041ACA	0x00000023	[ 15] _compile_comprehension.cold.2
0x100041AED	0x00000023	[ 15] _c_assign.cold.1
0x100041B10	0x00000023	[ 15] _c_assign.cold.2
0x100041B33	0x00000023	[ 15] _c_assign.cold.3
0x100041B56	0x00000023	[ 15] _c_assign.cold.4
0x100041B79	0x00000023	[ 15] _c_assign.cold.5
0x100041B9C	0x00000023	[ 15] _c_del_stmt.cold.1
0x100041BBF	0x00000023	[ 15] _c_del_stmt.cold.2
0x100041BE2	0x00000023	[ 15] _c_del_stmt.cold.3
0x100041C05	0x00000023	[ 15] _c_del_stmt.cold.4
0x100041C28	0x00000023	[ 15] _c_if_cond.cold.1
0x100041C4B	0x00000023	[ 15] _do_import_name.cold.1
0x100041C6E	0x00000023	[ 15] _compile_decrease_except_level.cold.1
0x100041C91	0x00000023	[ 15] _compile_try_finally.cold.1
0x100041CB4	0x00000023	[ 15] _compile_try_except.cold.1
0x100041CD7	0x00000023	[ 15] _compile_scope_func_lambda_param.cold.1
0x100041CFA	0x00000023	[ 15] _compile_scope_func_lambda_param.cold.2
0x100041D1D	0x00000023	[ 15] _compile_scope_func_lambda_param.cold.3
0x100041D40	0x00000021	[ 16] _mp_emit_common_id_op.cold.1
0x100041D61	0x00000021	[ 16] _mp_emit_common_id_op.cold.2
0x100041D82	0x00000023	[ 17] _emit_write_code_info_qstr.cold.1
0x100041DA5	0x00000023	[ 17] _mp_emit_bc_end_pass.cold.1
0x100041DC8	0x00000023	[ 17] _mp_emit_bc_end_pass.cold.2
0x100041DEB	0x00000023	[ 17] _mp_emit_bc_end_pass.cold.3
0x100041E0E	0x00000023	[ 17] _mp_emit_bc_adjust_stack_size.cold.1
0x100041E31	0x00000023	[ 17] _mp_emit_bc_set_source_line.cold.1
0x100041E54	0x00000023	[ 17] _mp_emit_bc_label_assign.cold.1
0x100041E77	0x00000023	[ 17] _mp_emit_bc_label_assign.cold.2
0x100041E9A	0x00000023	[ 17] _mp_emit_bc_label_assign.cold.3
0x100041EBD	0x00000023	[ 17] _emit_write_bytecode_byte_qstr.cold.1
0x100041EE0	0x00000023	[ 17] _mp_emit_bc_make_closure.cold.1
0x100041F03	0x00000023	[ 17] _mp_emit_bc_raise_varargs.cold.1
0x100041F26	0x00000021	[ 17] _emit_get_cur_to_write_code_info.cold.1
0x100041F47	0x00000023	[ 17] _emit_get_cur_to_write_bytecode.cold.1
0x100041F6A	0x00000021	[ 18] _mp_asm_base_start_pass.cold.1
0x100041F8B	0x00000021	[ 18] _mp_asm_base_get_cur_to_write_bytes.cold.1
0x100041FAC	0x00000021	[ 18] _mp_asm_base_label_assign.cold.1
0x100041FCD	0x00000021	[ 18] _mp_asm_base_label_assign.cold.2
0x100041FEE	0x00000021	[ 18] _mp_asm_base_label_assign.cold.3
0x10004200F	0x00000023	[ 19] _asm_x64_mov_mem8_to_r64zx.cold.1
0x100042032	0x00000023	[ 19] _asm_x64_mov_mem16_to_r64zx.cold.1
0x100042055	0x00000023	[ 19] _asm_x64_mov_mem32_to_r64zx.cold.1
0x100042078	0x00000023	[ 19] _asm_x64_test_r8_with_r8.cold.1
0x10004209B	0x00000023	[ 19] _asm_x64_test_r8_with_r8.cold.2
0x1000420BE	0x00000023	[ 19] _asm_x64_setcc_r8.cold.1
0x1000420E1	0x00000023	[ 19] _asm_x64_jmp_reg.cold.1
0x100042104	0x00000023	[ 19] _asm_x64_jmp_label.cold.1
0x100042127	0x00000023	[ 19] _asm_x64_jcc_label.cold.1
0x10004214A	0x00000023	[ 19] _asm_x64_entry.cold.1
0x10004216D	0x00000023	[ 19] _asm_x64_mov_local_addr_to_r64.cold.1
0x100042190	0x00000023	[ 19] _asm_x64_mov_reg_pcrel.cold.1
0x1000421B3	0x00000023	[ 19] _asm_x64_call_ind.cold.1
0x1000421D7	0x00000023	[ 20] _emit_native_start_pass.cold.1
0x1000421FA	0x00000023	[ 20] _emit_native_end_pass.cold.1
0x10004221D	0x00000023	[ 20] _emit_native_end_pass.cold.2
0x100042240	0x00000023	[ 20] _emit_native_end_pass.cold.3
0x100042263	0x00000023	[ 20] _emit_native_end_pass.cold.4
0x100042286	0x00000023	[ 20] _emit_native_store_global.cold.1
0x1000422A9	0x00000023	[ 20] _emit_native_import.cold.1
0x1000422CC	0x00000023	[ 20] _emit_native_import.cold.2
0x1000422EF	0x00000023	[ 20] _emit_native_import.cold.3
0x100042312	0x00000023	[ 20] _emit_native_import.cold.4
0x100042335	0x00000023	[ 20] _emit_native_load_method.cold.1
0x100042358	0x00000023	[ 20] _emit_native_subscr.cold.1
0x10004237B	0x00000023	[ 20] _emit_native_subscr.cold.2
0x10004239E	0x00000023	[ 20] _emit_native_attr.cold.1
0x1000423C1	0x00000023	[ 20] _emit_native_attr.cold.2
0x1000423E4	0x00000023	[ 20] _emit_native_attr.cold.3
0x100042407	0x00000023	[ 20] _emit_native_attr.cold.4
0x10004242A	0x00000023	[ 20] _emit_native_setup_block.cold.1
0x10004244D	0x00000023	[ 20] _emit_native_end_finally.cold.1
0x100042470	0x00000023	[ 20] _emit_native_end_finally.cold.2
0x100042493	0x00000023	[ 20] _emit_native_get_iter.cold.1
0x1000424B6	0x00000023	[ 20] _emit_native_build.cold.1
0x1000424D9	0x00000023	[ 20] _emit_native_build.cold.2
0x1000424FC	0x00000023	[ 20] _emit_native_build.cold.3
0x10004251F	0x00000023	[ 20] _emit_native_build.cold.4
0x100042542	0x00000023	[ 20] _emit_native_build.cold.5
0x100042565	0x00000023	[ 20] _emit_native_build.cold.6
0x100042588	0x00000023	[ 20] _emit_native_store_map.cold.1
0x1000425AB	0x00000023	[ 20] _emit_native_store_map.cold.2
0x1000425CE	0x00000023	[ 20] _emit_native_store_map.cold.3
0x1000425F1	0x00000023	[ 20] _emit_native_store_comp.cold.1
0x100042614	0x00000023	[ 20] _emit_native_store_comp.cold.2
0x100042637	0x00000023	[ 20] _emit_native_store_comp.cold.3
0x10004265A	0x00000023	[ 20] _emit_native_store_comp.cold.4
0x10004267D	0x00000023	[ 20] _emit_native_store_comp.cold.5
0x1000426A0	0x00000023	[ 20] _emit_native_unpack_sequence.cold.1
0x1000426C3	0x00000023	[ 20] _emit_native_unpack_ex.cold.1
0x1000426E6	0x00000023	[ 20] _emit_native_make_function.cold.1
0x100042709	0x00000023	[ 20] _emit_native_make_function.cold.2
0x10004272C	0x00000023	[ 20] _emit_native_call_function.cold.1
0x10004274F	0x00000023	[ 20] _emit_native_call_function.cold.2
0x100042772	0x00000023	[ 20] _emit_native_call_function.cold.3
0x100042795	0x00000023	[ 20] _emit_native_return_value.cold.1
0x1000427B8	0x00000023	[ 20] _emit_native_raise_varargs.cold.1
0x1000427DB	0x00000023	[ 20] _adjust_stack.cold.1
0x1000427FE	0x00000023	[ 20] _adjust_stack.cold.2
0x100042821	0x00000023	[ 20] _emit_native_leave_exc_stack.cold.1
0x100042844	0x00000023	[ 20] _emit_get_stack_pointer_to_reg_for_pop.cold.1
0x100042867	0x00000023	[ 21] _asm_x86_jmp_label.cold.1
0x10004288A	0x00000023	[ 21] _asm_x86_jcc_label.cold.1
0x1000428AD	0x00000023	[ 21] _asm_x86_entry.cold.1
0x1000428D0	0x00000023	[ 21] _asm_x86_mov_reg_pcrel.cold.1
0x1000428F3	0x00000023	[ 21] _asm_x86_call_ind.cold.1
0x100042919	0x00000023	[ 22] _emit_native_start_pass.cold.1
0x10004293C	0x00000023	[ 22] _emit_native_end_pass.cold.1
0x10004295F	0x00000023	[ 22] _emit_native_end_pass.cold.2
0x100042982	0x00000023	[ 22] _emit_native_end_pass.cold.3
0x1000429A5	0x00000023	[ 22] _emit_native_end_pass.cold.4
0x1000429C8	0x00000023	[ 22] _emit_native_store_global.cold.1
0x1000429EB	0x00000023	[ 22] _emit_native_import.cold.1
0x100042A0E	0x00000023	[ 22] _emit_native_import.cold.2
0x100042A31	0x00000023	[ 22] _emit_native_import.cold.3
0x100042A54	0x00000023	[ 22] _emit_native_import.cold.4
0x100042A77	0x00000023	[ 22] _emit_native_load_method.cold.1
0x100042A9A	0x00000023	[ 22] _emit_native_subscr.cold.1
0x100042ABD	0x00000023	[ 22] _emit_native_subscr.cold.2
0x100042AE0	0x00000023	[ 22] _emit_native_attr.cold.1
0x100042B03	0x00000023	[ 22] _emit_native_attr.cold.2
0x100042B26	0x00000023	[ 22] _emit_native_attr.cold.3
0x100042B49	0x00000023	[ 22] _emit_native_attr.cold.4
0x100042B6C	0x00000023	[ 22] _emit_native_setup_block.cold.1
0x100042B8F	0x00000023	[ 22] _emit_native_end_finally.cold.1
0x100042BB2	0x00000023	[ 22] _emit_native_end_finally.cold.2
0x100042BD5	0x00000023	[ 22] _emit_native_get_iter.cold.1
0x100042BF8	0x00000023	[ 22] _emit_native_build.cold.1
0x100042C1B	0x00000023	[ 22] _emit_native_build.cold.2
0x100042C3E	0x00000023	[ 22] _emit_native_build.cold.3
0x100042C61	0x00000023	[ 22] _emit_native_build.cold.4
0x100042C84	0x00000023	[ 22] _emit_native_build.cold.5
0x100042CA7	0x00000023	[ 22] _emit_native_build.cold.6
0x100042CCA	0x00000023	[ 22] _emit_native_store_map.cold.1
[...]
<<dead>> 	0x00000078	[ 59] _mp_type_fun_asm
<<dead>> 	0x00000012	[ 59] literal string: mp_obj_new_fun_bc
<<dead>> 	0x0000002C	[ 59] literal string: mp_obj_is_type(def_args_in, &mp_type_tuple)
<<dead>> 	0x00000013	[ 59] literal string: fun_builtin_0_call
<<dead>> 	0x00000030	[ 59] literal string: mp_obj_is_type(self_in, &mp_type_fun_builtin_0)
<<dead>> 	0x00000016	[ 59] literal string: <function %q at 0x%p>
<<dead>> 	0x0000000C	[ 59] literal string: fun_bc_call
<<dead>> 	0x00000029	[ 59] literal string: vm_return_kind == MP_VM_RETURN_EXCEPTION
<<dead>> 	0x0000000D	[ 59] literal string: fun_asm_call
<<dead>> 	0x0000000C	[ 59] literal string: n_args == 4
<<dead>> 	0x000000D6	[ 60] _gen_wrap_call
<<dead>> 	0x000000D3	[ 60] _native_gen_wrap_call
<<dead>> 	0x00000164	[ 60] _mp_obj_gen_resume
<<dead>> 	0x00000031	[ 60] _gen_instance_print
<<dead>> 	0x00000011	[ 60] _gen_instance_iternext
<<dead>> 	0x00000053	[ 60] _gen_resume_and_raise
<<dead>> 	0x0000006B	[ 60] _gen_instance_close
<<dead>> 	0x00000020	[ 60] _gen_instance_send
<<dead>> 	0x0000003C	[ 60] _gen_instance_throw
<<dead>> 	0x0000001F	[ 60] _gen_instance_pend_throw
<<dead>> 	0x00000020	[ 60] _mp_const_GeneratorExit_obj
<<dead>> 	0x00000078	[ 60] _mp_type_gen_wrap
<<dead>> 	0x00000078	[ 60] _mp_type_native_gen_wrap
<<dead>> 	0x00000080	[ 60] _mp_type_gen_instance
<<dead>> 	0x00000040	[ 60] _gen_instance_locals_dict_table
<<dead>> 	0x00000020	[ 60] _gen_instance_locals_dict
<<dead>> 	0x00000018	[ 60] _gen_instance_throw_obj
<<dead>> 	0x00000010	[ 60] _gen_instance_close_obj
<<dead>> 	0x00000010	[ 60] _gen_instance_send_obj
<<dead>> 	0x00000010	[ 60] _gen_instance_pend_throw_obj
<<dead>> 	0x0000001C	[ 60] literal string: generator already executing
<<dead>> 	0x00000036	[ 60] literal string: can't send non-None value to a just-started generator
<<dead>> 	0x0000001F	[ 60] literal string: generator raised StopIteration
<<dead>> 	0x0000001E	[ 60] literal string: <generator object '%q' at %p>
<<dead>> 	0x00000020	[ 60] literal string: generator ignored GeneratorExit
<<dead>> 	0x00000049	[ 63] _mp_obj_int_get_uint_checked
<<dead>> 	0x00000026	[ 63] literal string: mp_obj_is_type(self_in, &mp_type_int)
<<dead>> 	0x0000000F	[ 63] literal string: divide by zero
<<dead>> 	0x00000015	[ 63] literal string: negative shift count
<<dead>> 	0x0000000A	[ 64] _mp_obj_list_set_len
<<dead>> 	0x0000002B	[ 64] _mp_obj_list_store
<<dead>> 	0x00000003	[ 64] literal string: , 
<<dead>> 	0x00000002	[ 64] literal string: ]
<<dead>> 	0x0000007A	[ 65] _map_make_new
<<dead>> 	0x00000076	[ 65] _map_iternext
<<dead>> 	0x00000078	[ 65] _mp_type_map
<<dead>> 	0x0000004F	[ 66] _module_print
<<dead>> 	0x000000A3	[ 66] _module_attr
<<dead>> 	0x0000007D	[ 66] _mp_obj_new_module
<<dead>> 	0x0000004D	[ 66] _mp_module_get
<<dead>> 	0x00000031	[ 66] _mp_module_register
<<dead>> 	0x00000080	[ 66] _mp_type_module
<<dead>> 	0x00000040	[ 66] _mp_builtin_module_table
<<dead>> 	0x00000018	[ 66] _mp_builtin_module_map
<<dead>> 	0x00000001	[ 66] literal string: 
<<dead>> 	0x0000000E	[ 66] literal string: <module '%s'>
<<dead>> 	0x00000005	[ 70] literal string: None
<<dead>> 	0x00000055	[ 71] _range_print
<<dead>> 	0x0000009A	[ 71] _range_make_new
<<dead>> 	0x00000059	[ 71] _range_unary_op
<<dead>> 	0x00000049	[ 71] _range_attr
<<dead>> 	0x000000DE	[ 71] _range_subscr
<<dead>> 	0x00000023	[ 71] _range_getiter
<<dead>> 	0x0000003D	[ 71] _range_it_iternext
<<dead>> 	0x00000078	[ 71] _mp_type_range
<<dead>> 	0x00000078	[ 71] _range_it_type
<<dead>> 	0x0000000F	[ 71] literal string: range(%ld, %ld
<<dead>> 	0x00000002	[ 71] literal string: )
<<dead>> 	0x00000007	[ 71] literal string: , %ld)
<<dead>> 	0x0000000A	[ 71] literal string: zero step
<<dead>> 	0x000000AB	[ 72] _reversed_make_new
<<dead>> 	0x0000002D	[ 72] _reversed_iternext
<<dead>> 	0x00000078	[ 72] _mp_type_reversed
<<dead>> 	0x000000B0	[ 73] _set_print
<<dead>> 	0x00000096	[ 73] _set_make_new
<<dead>> 	0x0000002D	[ 73] _set_unary_op
<<dead>> 	0x000001F9	[ 73] _set_binary_op
<<dead>> 	0x0000002A	[ 73] _set_getiter
<<dead>> 	0x0000006F	[ 73] _mp_obj_new_set
<<dead>> 	0x00000013	[ 73] _mp_obj_set_store
<<dead>> 	0x00000025	[ 73] _set_union
<<dead>> 	0x00000025	[ 73] _set_symmetric_difference
<<dead>> 	0x0000000C	[ 73] _set_intersect
<<dead>> 	0x0000000C	[ 73] _set_diff
<<dead>> 	0x0000003F	[ 73] _set_update
<<dead>> 	0x0000004F	[ 73] _set_symmetric_difference_update
<<dead>> 	0x00000106	[ 73] _set_intersect_int
<<dead>> 	0x00000093	[ 73] _set_diff_int
<<dead>> 	0x0000000C	[ 73] _set_issubset
<<dead>> 	0x00000015	[ 73] _set_issuperset
<<dead>> 	0x0000004F	[ 73] _set_copy
<<dead>> 	0x0000004A	[ 73] _set_update_int
<<dead>> 	0x00000019	[ 73] _set_add
<<dead>> 	0x00000014	[ 73] _set_clear
<<dead>> 	0x0000014F	[ 73] _set_issubset_internal
<<dead>> 	0x00000054	[ 73] _set_it_iternext
<<dead>> 	0x00000019	[ 73] _set_discard
<<dead>> 	0x00000015	[ 73] _set_diff_update
<<dead>> 	0x0000000F	[ 73] _set_intersect_update
<<dead>> 	0x00000058	[ 73] _set_isdisjoint
<<dead>> 	0x00000027	[ 73] _set_pop
<<dead>> 	0x0000003F	[ 73] _set_remove
<<dead>> 	0x00000080	[ 73] _mp_type_set
<<dead>> 	0x00000120	[ 73] _set_locals_dict_table
<<dead>> 	0x00000020	[ 73] _set_locals_dict
<<dead>> 	0x00000018	[ 73] _set_diff_obj
<<dead>> 	0x00000018	[ 73] _set_diff_update_obj
<<dead>> 	0x00000018	[ 73] _set_update_obj
<<dead>> 	0x00000010	[ 73] _set_add_obj
<<dead>> 	0x00000010	[ 73] _set_clear_obj
<<dead>> 	0x00000010	[ 73] _set_copy_obj
<<dead>> 	0x00000010	[ 73] _set_discard_obj
<<dead>> 	0x00000010	[ 73] _set_intersect_obj
<<dead>> 	0x00000010	[ 73] _set_intersect_update_obj
<<dead>> 	0x00000010	[ 73] _set_isdisjoint_obj
<<dead>> 	0x00000010	[ 73] _set_issubset_obj
<<dead>> 	0x00000010	[ 73] _set_issuperset_obj
<<dead>> 	0x00000010	[ 73] _set_pop_obj
<<dead>> 	0x00000010	[ 73] _set_remove_obj
<<dead>> 	0x00000010	[ 73] _set_symmetric_difference_obj
<<dead>> 	0x00000010	[ 73] _set_symmetric_difference_update_obj
<<dead>> 	0x00000010	[ 73] _set_union_obj
<<dead>> 	0x00000006	[ 73] literal string: set()
<<dead>> 	0x00000002	[ 73] literal string: {
<<dead>> 	0x00000003	[ 73] literal string: , 
<<dead>> 	0x00000002	[ 73] literal string: }
<<dead>> 	0x00000016	[ 73] literal string: pop from an empty set
<<dead>> 	0x0000003E	[ 75] _mp_obj_new_slice
<<dead>> 	0x00000003	[ 75] literal string: , 
<<dead>> 	0x00000002	[ 75] literal string: )
<<dead>> 	0x00000048	[ 76] _mp_obj_str_intern
<<dead>> 	0x0000002C	[ 76] _mp_obj_str_intern_checked
<<dead>> 	0x0000004E	[ 76] _mp_obj_str_get_str
<<dead>> 	0x00000003	[ 76] literal string: %c
<<dead>> 	0x00000001	[ 76] literal string: 
<<dead>> 	0x00000031	[ 76] literal string: only slices with step=1 (aka None) are supported
<<dead>> 	0x00000005	[ 77] literal string: %.*s
<<dead>> 	0x00000003	[ 77] literal string: %c
<<dead>> 	0x00000004	[ 77] literal string: \%c
<<dead>> 	0x00000003	[ 77] literal string: \\
<<dead>> 	0x00000003	[ 77] literal string: \n
<<dead>> 	0x00000003	[ 77] literal string: \r
<<dead>> 	0x00000003	[ 77] literal string: \t
<<dead>> 	0x00000007	[ 77] literal string: \x%02x
<<dead>> 	0x00000031	[ 77] literal string: only slices with step=1 (aka None) are supported
<<dead>> 	0x00000021	[ 78] _mp_obj_tuple_del
<<dead>> 	0x00000023	[ 78] _mp_obj_tuple_del.cold.1
<<dead>> 	0x00000003	[ 78] literal string: , 
<<dead>> 	0x00000002	[ 78] literal string: )
<<dead>> 	0x00000031	[ 78] literal string: only slices with step=1 (aka None) are supported
<<dead>> 	0x00000011	[ 78] literal string: mp_obj_tuple_del
<<dead>> 	0x00000028	[ 78] literal string: mp_obj_is_type(self_in, &mp_type_tuple)
<<dead>> 	0x00000069	[ 79] _mp_obj_instance_is_callable
<<dead>> 	0x00000057	[ 79] _super_print
<<dead>> 	0x00000050	[ 79] _super_make_new
<<dead>> 	0x00000153	[ 79] _super_attr
<<dead>> 	0x0000002F	[ 79] _mp_load_super_method
<<dead>> 	0x00000028	[ 79] _mp_builtin_issubclass
<<dead>> 	0x0000001F	[ 79] _mp_builtin_isinstance
<<dead>> 	0x000000BE	[ 79] _mp_obj_is_subclass
<<dead>> 	0x00000023	[ 79] _super_attr.cold.1
<<dead>> 	0x00000023	[ 79] _super_attr.cold.2
<<dead>> 	0x00000023	[ 79] _super_attr.cold.3
<<dead>> 	0x00000010	[ 79] 16-byte-literal
<<dead>> 	0x00000010	[ 79] 16-byte-literal
<<dead>> 	0x0000001B	[ 79] literal string: '%s' object isn't callable
<<dead>> 	0x00000016	[ 79] literal string: mp_map_slot_is_filled
<<dead>> 	0x0000000C	[ 79] literal string: ../py/obj.h
<<dead>> 	0x00000011	[ 79] literal string: pos < map->alloc
<<dead>> 	0x00000009	[ 79] literal string: <super: 
<<dead>> 	0x00000003	[ 79] literal string: , 
<<dead>> 	0x00000002	[ 79] literal string: >
<<dead>> 	0x0000000B	[ 79] literal string: super_attr
<<dead>> 	0x00000028	[ 79] literal string: mp_obj_is_type(self_in, &mp_type_super)
<<dead>> 	0x0000002A	[ 79] literal string: mp_obj_is_type(self->type, &mp_type_type)
<<dead>> 	0x00000028	[ 79] literal string: mp_obj_is_type(items[i], &mp_type_type)
<<dead>> 	0x00000023	[ 79] literal string: issubclass() arg 1 must be a class
<<dead>> 	0x00000039	[ 79] literal string: issubclass() arg 2 must be a class or a tuple of classes
<<dead>> 	0x00000078	[ 79] _mp_type_super
<<dead>> 	0x00000010	[ 79] _mp_builtin_issubclass_obj
<<dead>> 	0x00000010	[ 79] _mp_builtin_isinstance_obj
<<dead>> 	0x0000006F	[ 80] _zip_make_new
<<dead>> 	0x00000061	[ 80] _zip_iternext
<<dead>> 	0x00000078	[ 80] _mp_type_zip
<<dead>> 	0x00000027	[ 81] _op_contains
<<dead>> 	0x00000010	[ 81] _mp_op_contains_obj
<<dead>> 	0x0000008C	[ 83] _mp_stream_rw
<<dead>> 	0x00000053	[ 83] _mp_get_stream_raise
<<dead>> 	0x0000000C	[ 83] _stream_read
<<dead>> 	0x0000000F	[ 83] _stream_read1
<<dead>> 	0x0000002C	[ 83] _mp_stream_write
<<dead>> 	0x0000000F	[ 83] _mp_stream_write_adaptor
<<dead>> 	0x00000094	[ 83] _stream_write_method
<<dead>> 	0x0000003F	[ 83] _stream_write1_method
<<dead>> 	0x000000B1	[ 83] _stream_readinto
<<dead>> 	0x000000DD	[ 83] _stream_unbuffered_readline
<<dead>> 	0x00000072	[ 83] _stream_unbuffered_readlines
<<dead>> 	0x00000034	[ 83] _mp_stream_unbuffered_iter
<<dead>> 	0x00000036	[ 83] _mp_stream_close
<<dead>> 	0x00000092	[ 83] _stream_seek
<<dead>> 	0x00000052	[ 83] _stream_tell
<<dead>> 	0x00000036	[ 83] _stream_flush
<<dead>> 	0x0000008F	[ 83] _stream_ioctl
<<dead>> 	0x0000027D	[ 83] _stream_read_generic
<<dead>> 	0x0000001F	[ 83] literal string: stream operation not supported
<<dead>> 	0x00000018	[ 83] _mp_stream_read_obj
<<dead>> 	0x00000018	[ 83] _mp_stream_read1_obj
<<dead>> 	0x00000018	[ 83] _mp_stream_write_obj
<<dead>> 	0x00000010	[ 83] _mp_stream_write1_obj
<<dead>> 	0x00000018	[ 83] _mp_stream_readinto_obj
<<dead>> 	0x00000018	[ 83] _mp_stream_unbuffered_readline_obj
<<dead>> 	0x00000010	[ 83] _mp_stream_unbuffered_readlines_obj
<<dead>> 	0x00000010	[ 83] _mp_stream_close_obj
<<dead>> 	0x00000018	[ 83] _mp_stream_seek_obj
<<dead>> 	0x00000010	[ 83] _mp_stream_tell_obj
<<dead>> 	0x00000010	[ 83] _mp_stream_flush_obj
<<dead>> 	0x00000018	[ 83] _mp_stream_ioctl_obj
<<dead>> 	0x0000020C	[ 84] _mp_binary_get_size
<<dead>> 	0x00000128	[ 84] _mp_binary_get_val_array
<<dead>> 	0x00000054	[ 84] _mp_binary_get_int
<<dead>> 	0x00000133	[ 84] _mp_binary_get_val
<<dead>> 	0x00000106	[ 84] _mp_binary_set_val
<<dead>> 	0x000000B8	[ 84] _mp_binary_set_val_array
<<dead>> 	0x000000DA	[ 84] _mp_binary_set_val_array_from_int
<<dead>> 	0x0000000D	[ 84] literal string: bad typecode
<<dead>> 	0x0000004B	[ 85] _mp_obj_is_package
<<dead>> 	0x0000053C	[ 85] _mp_builtin___import__
<<dead>> 	0x00000054	[ 85] _stat_dir_or_file
<<dead>> 	0x00000087	[ 85] _micropy_load_from_py
<<dead>> 	0x00000023	[ 85] _mp_builtin___import__.cold.1
<<dead>> 	0x00000016	[ 85] literal string: mp_builtin___import__
<<dead>> 	0x00000016	[ 85] literal string: ../py/builtinimport.c
<<dead>> 	0x0000001B	[ 85] literal string: this_name_q != MP_OBJ_NULL
<<dead>> 	0x0000001E	[ 85] literal string: can't perform relative import
<<dead>> 	0x00000015	[ 85] literal string: no module named '%q'
<<dead>> 	0x0000000C	[ 85] literal string: __init__.py
<<dead>> 	0x00000004	[ 85] literal string: .py
<<dead>> 	0x00000018	[ 85] _mp_builtin___import___obj
<<dead>> 	0x0000000F	[ 86] _mp_builtin_eval
<<dead>> 	0x0000000F	[ 86] _mp_builtin_exec
<<dead>> 	0x000000AE	[ 86] _eval_exec_helper
<<dead>> 	0x00000018	[ 86] _mp_builtin_eval_obj
<<dead>> 	0x00000018	[ 86] _mp_builtin_exec_obj
<<dead>> 	0x000000EC	[ 87] _mp_builtin___build_class__
<<dead>> 	0x00000012	[ 87] _mp_builtin_abs
<<dead>> 	0x00000041	[ 87] _mp_builtin_all
<<dead>> 	0x00000041	[ 87] _mp_builtin_any
<<dead>> 	0x0000004C	[ 87] _mp_builtin_bin
<<dead>> 	0x00000016	[ 87] _mp_builtin_callable
<<dead>> 	0x000000DB	[ 87] _mp_builtin_chr
<<dead>> 	0x0000010A	[ 87] _mp_builtin_dir
<<dead>> 	0x00000015	[ 87] _mp_builtin_divmod
<<dead>> 	0x00000012	[ 87] _mp_builtin_hash
<<dead>> 	0x00000017	[ 87] _mp_builtin_hex
<<dead>> 	0x0000000C	[ 87] _mp_builtin_iter
<<dead>> 	0x0000000F	[ 87] _mp_builtin_max
<<dead>> 	0x0000000C	[ 87] _mp_builtin_min
<<dead>> 	0x00000017	[ 87] _mp_builtin_oct
<<dead>> 	0x0000008F	[ 87] _mp_builtin_ord
<<dead>> 	0x0000002B	[ 87] _mp_builtin_pow
<<dead>> 	0x000000C9	[ 87] _mp_builtin_print
<<dead>> 	0x0000003E	[ 87] _mp_builtin___repl_print__
<<dead>> 	0x00000052	[ 87] _mp_builtin_repr
<<dead>> 	0x0000009B	[ 87] _mp_builtin_round
<<dead>> 	0x0000005A	[ 87] _mp_builtin_sum
<<dead>> 	0x00000057	[ 87] _mp_builtin_sorted
<<dead>> 	0x00000091	[ 87] _mp_builtin_getattr
<<dead>> 	0x0000002D	[ 87] _mp_builtin_setattr
<<dead>> 	0x0000002A	[ 87] _mp_builtin_delattr
<<dead>> 	0x00000069	[ 87] _mp_builtin_hasattr
<<dead>> 	0x00000011	[ 87] _mp_builtin_globals
<<dead>> 	0x00000011	[ 87] _mp_builtin_locals
<<dead>> 	0x0000014F	[ 87] _mp_builtin_min_max
<<dead>> 	0x00000021	[ 87] _mp_builtin___build_class__.cold.1
<<dead>> 	0x00000023	[ 87] _mp_builtin_dir.cold.1
<<dead>> 	0x00000018	[ 87] _mp_builtin___build_class___obj
<<dead>> 	0x00000010	[ 87] _mp_builtin_abs_obj
<<dead>> 	0x00000010	[ 87] _mp_builtin_all_obj
<<dead>> 	0x00000010	[ 87] _mp_builtin_any_obj
<<dead>> 	0x00000010	[ 87] _mp_builtin_bin_obj
<<dead>> 	0x00000010	[ 87] _mp_builtin_callable_obj
<<dead>> 	0x00000010	[ 87] _mp_builtin_chr_obj
<<dead>> 	0x00000018	[ 87] _mp_builtin_dir_obj
<<dead>> 	0x00000010	[ 87] _mp_builtin_divmod_obj
<<dead>> 	0x00000010	[ 87] _mp_builtin_hash_obj
<<dead>> 	0x00000010	[ 87] _mp_builtin_hex_obj
<<dead>> 	0x00000010	[ 87] _mp_builtin_iter_obj
<<dead>> 	0x00000018	[ 87] _mp_builtin_max_obj
<<dead>> 	0x00000018	[ 87] _mp_builtin_min_obj
<<dead>> 	0x00000010	[ 87] _mp_builtin_oct_obj
<<dead>> 	0x00000010	[ 87] _mp_builtin_ord_obj
<<dead>> 	0x00000018	[ 87] _mp_builtin_pow_obj
<<dead>> 	0x00000018	[ 87] _mp_builtin_print_obj
<<dead>> 	0x00000010	[ 87] _mp_builtin___repl_print___obj
<<dead>> 	0x00000010	[ 87] _mp_builtin_repr_obj
<<dead>> 	0x00000018	[ 87] _mp_builtin_round_obj
<<dead>> 	0x00000018	[ 87] _mp_builtin_sum_obj
<<dead>> 	0x00000018	[ 87] _mp_builtin_sorted_obj
<<dead>> 	0x00000018	[ 87] _mp_builtin_getattr_obj
<<dead>> 	0x00000010	[ 87] _mp_builtin_setattr_obj
<<dead>> 	0x00000010	[ 87] _mp_builtin_delattr_obj
<<dead>> 	0x00000010	[ 87] _mp_builtin_hasattr_obj
<<dead>> 	0x00000010	[ 87] _mp_builtin_globals_obj
<<dead>> 	0x00000010	[ 87] _mp_builtin_locals_obj
<<dead>> 	0x00000010	[ 87] _mp_builtin_id_obj
<<dead>> 	0x00000010	[ 87] _mp_builtin_len_obj
<<dead>> 	0x000005E0	[ 87] _mp_module_builtins_globals_table
<<dead>> 	0x00000020	[ 87] _mp_module_builtins_globals
<<dead>> 	0x00000010	[ 87] _mp_module_builtins
<<dead>> 	0x0000001B	[ 87] literal string: mp_builtin___build_class__
<<dead>> 	0x00000014	[ 87] literal string: ../py/modbuiltins.c
<<dead>> 	0x0000000C	[ 87] literal string: 2 <= n_args
<<dead>> 	0x00000021	[ 87] literal string: chr() arg not in range(0x110000)
<<dead>> 	0x00000016	[ 87] literal string: mp_map_slot_is_filled
<<dead>> 	0x0000000C	[ 87] literal string: ../py/obj.h
<<dead>> 	0x00000011	[ 87] literal string: pos < map->alloc
<<dead>> 	0x00000019	[ 87] literal string: arg is an empty sequence
<<dead>> 	0x0000003A	[ 87] literal string: ord() expected a character, but string of length %d found
<<dead>> 	0x0000001A	[ 87] literal string: 3-arg pow() not supported
<<dead>> 	0x00000002	[ 87] literal string: \n
<<dead>> 	0x0000002B	[ 87] literal string: must use keyword argument for key function
<<dead>> 	0x00000020	[ 87] _mp_builtin_print.allowed_args
<<dead>> 	0x0000003B	[ 88] _mp_micropython_opt_level
<<dead>> 	0x00000010	[ 88] _mp_micropython_heap_lock
<<dead>> 	0x0000001E	[ 88] _mp_micropython_heap_unlock
<<dead>> 	0x00000010	[ 88] _mp_module_micropython
<<dead>> 	0x00000050	[ 88] _mp_module_micropython_globals_table
<<dead>> 	0x00000020	[ 88] _mp_module_micropython_globals
<<dead>> 	0x00000018	[ 88] _mp_micropython_opt_level_obj
<<dead>> 	0x00000010	[ 88] _mp_micropython_heap_lock_obj
<<dead>> 	0x00000010	[ 88] _mp_micropython_heap_unlock_obj
<<dead>> 	0x00000029	[ 89] _struct_calcsize
<<dead>> 	0x000001C5	[ 89] _struct_unpack_from
<<dead>> 	0x00000088	[ 89] _struct_pack
<<dead>> 	0x000000B3	[ 89] _struct_pack_into
<<dead>> 	0x000000EB	[ 89] _calc_size_items
<<dead>> 	0x00000049	[ 89] _get_fmt_num
<<dead>> 	0x00000174	[ 89] _struct_pack_into_internal
<<dead>> 	0x00000010	[ 89] _struct_calcsize_obj
<<dead>> 	0x00000018	[ 89] _struct_unpack_from_obj
<<dead>> 	0x00000018	[ 89] _struct_pack_obj
<<dead>> 	0x00000018	[ 89] _struct_pack_into_obj
<<dead>> 	0x00000018	[ 89] _mp_module_ustruct
<<dead>> 	0x00000060	[ 89] _mp_module_struct_globals_table
<<dead>> 	0x00000020	[ 89] _mp_module_struct_globals
<<dead>> 	0x00000011	[ 89] literal string: buffer too small
<<dead>> 	0x00001720	[ 90] _mp_execute_bytecode
<<dead>> 	0x00000030	[ 90] _mp_execute_bytecode.cold.1
<<dead>> 	0x00000030	[ 90] _mp_execute_bytecode.cold.2
<<dead>> 	0x00000030	[ 90] _mp_execute_bytecode.cold.3
<<dead>> 	0x00000030	[ 90] _mp_execute_bytecode.cold.4
<<dead>> 	0x00000030	[ 90] _mp_execute_bytecode.cold.5
<<dead>> 	0x00000030	[ 90] _mp_execute_bytecode.cold.6
<<dead>> 	0x00000030	[ 90] _mp_execute_bytecode.cold.7
<<dead>> 	0x00000030	[ 90] _mp_execute_bytecode.cold.8
<<dead>> 	0x00000030	[ 90] _mp_execute_bytecode.cold.9
<<dead>> 	0x00000030	[ 90] _mp_execute_bytecode.cold.10
<<dead>> 	0x00000030	[ 90] _mp_execute_bytecode.cold.11
<<dead>> 	0x00000023	[ 90] _mp_execute_bytecode.cold.12
<<dead>> 	0x0000002C	[ 90] literal string: local variable referenced before assignment
<<dead>> 	0x00000014	[ 90] literal string: mp_execute_bytecode
<<dead>> 	0x0000000B	[ 90] literal string: ../py/vm.c
<<dead>> 	0x00000024	[ 90] literal string: mp_obj_is_exception_instance(TOP())
<<dead>> 	0x00000014	[ 90] literal string: exc_sp >= exc_stack
<<dead>> 	0x00000029	[ 90] literal string: &sp[-1] == MP_TAGPTR_PTR(exc_sp->val_sp)
<<dead>> 	0x00000040	[ 90] literal string: sp[-1] == mp_const_none || mp_obj_is_exception_instance(sp[-1])
<<dead>> 	0x00000018	[ 90] literal string: exc_sp == exc_stack - 1
<<dead>> 	0x0000001F	[ 90] literal string: no active exception to reraise
<<dead>> 	0x00000021	[ 90] literal string: exception chaining not supported
<<dead>> 	0x00000023	[ 90] literal string: ret_kind == MP_VM_RETURN_EXCEPTION
<<dead>> 	0x0000003F	[ 90] literal string: !EXC_MATCH(ret_value, MP_OBJ_FROM_PTR(&mp_type_StopIteration))
<<dead>> 	0x00000007	[ 90] literal string: opcode
<<dead>> 	0x000004BE	[ 91] _mp_setup_code_state
<<dead>> 	0x00000030	[ 91] _fun_pos_args_mismatch
<<dead>> 	0x0000002F	[ 91] literal string: function got multiple values for argument '%q'
<<dead>> 	0x00000021	[ 91] literal string: unexpected keyword argument '%q'
<<dead>> 	0x00000032	[ 91] literal string: function missing required positional argument #%d
<<dead>> 	0x00000030	[ 91] literal string: function missing required keyword argument '%q'
<<dead>> 	0x00000027	[ 91] literal string: function missing keyword-only argument
<<dead>> 	0x00000035	[ 91] literal string: %q() takes %d positional arguments but %d were given
<<dead>> 	0x00000008	[ 93] _mp_import_stat
<<dead>> 	0x00000000	[ 96] ___memcpy_chk
